Component: ARM Compiler 5.05 update 1 (build 106) Tool: armlink [4d0efa]

==============================================================================

Section Cross References

    stm32f4xx_hal.o(i.HAL_DeInit) refers to stm32f4xx_hal.o(i.HAL_MspDeInit) for HAL_MspDeInit
    stm32f4xx_hal.o(i.HAL_Delay) refers to stm32f4xx_hal.o(i.HAL_GetTick) for HAL_GetTick
    stm32f4xx_hal.o(i.HAL_GetTick) refers to stm32f4xx_hal.o(.data) for uwTick
    stm32f4xx_hal.o(i.HAL_IncTick) refers to stm32f4xx_hal.o(.data) for uwTick
    stm32f4xx_hal.o(i.HAL_Init) refers to stm32f4xx_hal_cortex.o(i.HAL_NVIC_SetPriorityGrouping) for HAL_NVIC_SetPriorityGrouping
    stm32f4xx_hal.o(i.HAL_Init) refers to stm32f4xx_hal.o(i.HAL_InitTick) for HAL_InitTick
    stm32f4xx_hal.o(i.HAL_Init) refers to stm32f4xx_hal_msp.o(i.HAL_MspInit) for HAL_MspInit
    stm32f4xx_hal.o(i.HAL_InitTick) refers to stm32f4xx_hal_cortex.o(i.HAL_SYSTICK_Config) for HAL_SYSTICK_Config
    stm32f4xx_hal.o(i.HAL_InitTick) refers to stm32f4xx_hal_cortex.o(i.HAL_NVIC_SetPriority) for HAL_NVIC_SetPriority
    stm32f4xx_hal.o(i.HAL_InitTick) refers to system_stm32f4xx.o(.data) for SystemCoreClock
    stm32f4xx_hal_cortex.o(i.HAL_NVIC_GetPriorityGrouping) refers to stm32f4xx_hal_cortex.o(i.NVIC_GetPriorityGrouping) for NVIC_GetPriorityGrouping
    stm32f4xx_hal_cortex.o(i.HAL_NVIC_SetPriority) refers to stm32f4xx_hal_cortex.o(i.NVIC_GetPriorityGrouping) for NVIC_GetPriorityGrouping
    stm32f4xx_hal_cortex.o(i.HAL_NVIC_SetPriority) refers to stm32f4xx_hal_cortex.o(i.NVIC_SetPriority) for NVIC_SetPriority
    stm32f4xx_hal_cortex.o(i.HAL_SYSTICK_Config) refers to stm32f4xx_hal_cortex.o(i.NVIC_SetPriority) for NVIC_SetPriority
    stm32f4xx_hal_cortex.o(i.HAL_SYSTICK_IRQHandler) refers to stm32f4xx_hal_cortex.o(i.HAL_SYSTICK_Callback) for HAL_SYSTICK_Callback
    stm32f4xx_hal_dma.o(i.DMA_CalcBaseAndBitshift) refers to stm32f4xx_hal_dma.o(.constdata) for flagBitshiftOffset
    stm32f4xx_hal_dma.o(i.HAL_DMA_Abort) refers to stm32f4xx_hal.o(i.HAL_GetTick) for HAL_GetTick
    stm32f4xx_hal_dma.o(i.HAL_DMA_DeInit) refers to stm32f4xx_hal_dma.o(i.DMA_CalcBaseAndBitshift) for DMA_CalcBaseAndBitshift
    stm32f4xx_hal_dma.o(i.HAL_DMA_IRQHandler) refers to system_stm32f4xx.o(.data) for SystemCoreClock
    stm32f4xx_hal_dma.o(i.HAL_DMA_Init) refers to stm32f4xx_hal.o(i.HAL_GetTick) for HAL_GetTick
    stm32f4xx_hal_dma.o(i.HAL_DMA_Init) refers to stm32f4xx_hal_dma.o(i.DMA_CheckFifoParam) for DMA_CheckFifoParam
    stm32f4xx_hal_dma.o(i.HAL_DMA_Init) refers to stm32f4xx_hal_dma.o(i.DMA_CalcBaseAndBitshift) for DMA_CalcBaseAndBitshift
    stm32f4xx_hal_dma.o(i.HAL_DMA_PollForTransfer) refers to stm32f4xx_hal.o(i.HAL_GetTick) for HAL_GetTick
    stm32f4xx_hal_dma.o(i.HAL_DMA_PollForTransfer) refers to stm32f4xx_hal_dma.o(i.HAL_DMA_Abort) for HAL_DMA_Abort
    stm32f4xx_hal_dma.o(i.HAL_DMA_Start) refers to stm32f4xx_hal_dma.o(i.DMA_SetConfig) for DMA_SetConfig
    stm32f4xx_hal_dma.o(i.HAL_DMA_Start_IT) refers to stm32f4xx_hal_dma.o(i.DMA_SetConfig) for DMA_SetConfig
    stm32f4xx_hal_dma_ex.o(i.HAL_DMAEx_MultiBufferStart) refers to stm32f4xx_hal_dma_ex.o(i.DMA_MultiBufferSetConfig) for DMA_MultiBufferSetConfig
    stm32f4xx_hal_dma_ex.o(i.HAL_DMAEx_MultiBufferStart_IT) refers to stm32f4xx_hal_dma_ex.o(i.DMA_MultiBufferSetConfig) for DMA_MultiBufferSetConfig
    stm32f4xx_hal_dma2d.o(i.HAL_DMA2D_Abort) refers to stm32f4xx_hal.o(i.HAL_GetTick) for HAL_GetTick
    stm32f4xx_hal_dma2d.o(i.HAL_DMA2D_BlendingStart) refers to stm32f4xx_hal_dma2d.o(i.DMA2D_SetConfig) for DMA2D_SetConfig
    stm32f4xx_hal_dma2d.o(i.HAL_DMA2D_BlendingStart_IT) refers to stm32f4xx_hal_dma2d.o(i.DMA2D_SetConfig) for DMA2D_SetConfig
    stm32f4xx_hal_dma2d.o(i.HAL_DMA2D_CLUTLoading_Abort) refers to stm32f4xx_hal.o(i.HAL_GetTick) for HAL_GetTick
    stm32f4xx_hal_dma2d.o(i.HAL_DMA2D_CLUTLoading_Suspend) refers to stm32f4xx_hal.o(i.HAL_GetTick) for HAL_GetTick
    stm32f4xx_hal_dma2d.o(i.HAL_DMA2D_DeInit) refers to stm32f4xx_hal_dma2d.o(i.HAL_DMA2D_Abort) for HAL_DMA2D_Abort
    stm32f4xx_hal_dma2d.o(i.HAL_DMA2D_DeInit) refers to stm32f4xx_hal_dma2d.o(i.HAL_DMA2D_CLUTLoading_Abort) for HAL_DMA2D_CLUTLoading_Abort
    stm32f4xx_hal_dma2d.o(i.HAL_DMA2D_DeInit) refers to stm32f4xx_hal_dma2d.o(i.HAL_DMA2D_MspDeInit) for HAL_DMA2D_MspDeInit
    stm32f4xx_hal_dma2d.o(i.HAL_DMA2D_IRQHandler) refers to stm32f4xx_hal_dma2d.o(i.HAL_DMA2D_LineEventCallback) for HAL_DMA2D_LineEventCallback
    stm32f4xx_hal_dma2d.o(i.HAL_DMA2D_IRQHandler) refers to stm32f4xx_hal_dma2d.o(i.HAL_DMA2D_CLUTLoadingCpltCallback) for HAL_DMA2D_CLUTLoadingCpltCallback
    stm32f4xx_hal_dma2d.o(i.HAL_DMA2D_Init) refers to stm32f4xx_hal_dma2d.o(i.HAL_DMA2D_MspInit) for HAL_DMA2D_MspInit
    stm32f4xx_hal_dma2d.o(i.HAL_DMA2D_PollForTransfer) refers to stm32f4xx_hal.o(i.HAL_GetTick) for HAL_GetTick
    stm32f4xx_hal_dma2d.o(i.HAL_DMA2D_Start) refers to stm32f4xx_hal_dma2d.o(i.DMA2D_SetConfig) for DMA2D_SetConfig
[...]
    ..\\Lib\\Src\\stm32f4xx_hal_adc_ex.c     0x00000000   Number         0  stm32f4xx_hal_adc_ex.o ABSOLUTE
    ..\\Lib\\Src\\stm32f4xx_hal_can.c        0x00000000   Number         0  stm32f4xx_hal_can.o ABSOLUTE
    ..\\Lib\\Src\\stm32f4xx_hal_cec.c        0x00000000   Number         0  stm32f4xx_hal_cec.o ABSOLUTE
    ..\\Lib\\Src\\stm32f4xx_hal_cortex.c     0x00000000   Number         0  stm32f4xx_hal_cortex.o ABSOLUTE
    ..\\Lib\\Src\\stm32f4xx_hal_crc.c        0x00000000   Number         0  stm32f4xx_hal_crc.o ABSOLUTE
    ..\\Lib\\Src\\stm32f4xx_hal_cryp.c       0x00000000   Number         0  stm32f4xx_hal_cryp.o ABSOLUTE
    ..\\Lib\\Src\\stm32f4xx_hal_cryp_ex.c    0x00000000   Number         0  stm32f4xx_hal_cryp_ex.o ABSOLUTE
    ..\\Lib\\Src\\stm32f4xx_hal_dac.c        0x00000000   Number         0  stm32f4xx_hal_dac.o ABSOLUTE
    ..\\Lib\\Src\\stm32f4xx_hal_dac_ex.c     0x00000000   Number         0  stm32f4xx_hal_dac_ex.o ABSOLUTE
    ..\\Lib\\Src\\stm32f4xx_hal_dcmi.c       0x00000000   Number         0  stm32f4xx_hal_dcmi.o ABSOLUTE
    ..\\Lib\\Src\\stm32f4xx_hal_dcmi_ex.c    0x00000000   Number         0  stm32f4xx_hal_dcmi_ex.o ABSOLUTE
    ..\\Lib\\Src\\stm32f4xx_hal_dfsdm.c      0x00000000   Number         0  stm32f4xx_hal_dfsdm.o ABSOLUTE
    ..\\Lib\\Src\\stm32f4xx_hal_dma.c        0x00000000   Number         0  stm32f4xx_hal_dma.o ABSOLUTE
    ..\\Lib\\Src\\stm32f4xx_hal_dma2d.c      0x00000000   Number         0  stm32f4xx_hal_dma2d.o ABSOLUTE
    ..\\Lib\\Src\\stm32f4xx_hal_dma_ex.c     0x00000000   Number         0  stm32f4xx_hal_dma_ex.o ABSOLUTE
    ..\\Lib\\Src\\stm32f4xx_hal_dsi.c        0x00000000   Number         0  stm32f4xx_hal_dsi.o ABSOLUTE
    ..\\Lib\\Src\\stm32f4xx_hal_eth.c        0x00000000   Number         0  stm32f4xx_hal_eth.o ABSOLUTE
    ..\\Lib\\Src\\stm32f4xx_hal_flash.c      0x00000000   Number         0  stm32f4xx_hal_flash.o ABSOLUTE
    ..\\Lib\\Src\\stm32f4xx_hal_flash_ex.c   0x00000000   Number         0  stm32f4xx_hal_flash_ex.o ABSOLUTE
    ..\\Lib\\Src\\stm32f4xx_hal_flash_ramfunc.c 0x00000000   Number         0  stm32f4xx_hal_flash_ramfunc.o ABSOLUTE
    ..\\Lib\\Src\\stm32f4xx_hal_fmpi2c.c     0x00000000   Number         0  stm32f4xx_hal_fmpi2c.o ABSOLUTE
    ..\\Lib\\Src\\stm32f4xx_hal_fmpi2c_ex.c  0x00000000   Number         0  stm32f4xx_hal_fmpi2c_ex.o ABSOLUTE
    ..\\Lib\\Src\\stm32f4xx_hal_gpio.c       0x00000000   Number         0  stm32f4xx_hal_gpio.o ABSOLUTE
    ..\\Lib\\Src\\stm32f4xx_hal_hash.c       0x00000000   Number         0  stm32f4xx_hal_hash.o ABSOLUTE
    ..\\Lib\\Src\\stm32f4xx_hal_hash_ex.c    0x00000000   Number         0  stm32f4xx_hal_hash_ex.o ABSOLUTE
    ..\\Lib\\Src\\stm32f4xx_hal_hcd.c        0x00000000   Number         0  stm32f4xx_hal_hcd.o ABSOLUTE
    ..\\Lib\\Src\\stm32f4xx_hal_i2c.c        0x00000000   Number         0  stm32f4xx_hal_i2c.o ABSOLUTE
    ..\\Lib\\Src\\stm32f4xx_hal_i2c_ex.c     0x00000000   Number         0  stm32f4xx_hal_i2c_ex.o ABSOLUTE
    ..\\Lib\\Src\\stm32f4xx_hal_i2s.c        0x00000000   Number         0  stm32f4xx_hal_i2s.o ABSOLUTE
    ..\\Lib\\Src\\stm32f4xx_hal_i2s_ex.c     0x00000000   Number         0  stm32f4xx_hal_i2s_ex.o ABSOLUTE
    ..\\Lib\\Src\\stm32f4xx_hal_irda.c       0x00000000   Number         0  stm32f4xx_hal_irda.o ABSOLUTE
    ..\\Lib\\Src\\stm32f4xx_hal_iwdg.c       0x00000000   Number         0  stm32f4xx_hal_iwdg.o ABSOLUTE
    ..\\Lib\\Src\\stm32f4xx_hal_lptim.c      0x00000000   Number         0  stm32f4xx_hal_lptim.o ABSOLUTE
    ..\\Lib\\Src\\stm32f4xx_hal_ltdc.c       0x00000000   Number         0  stm32f4xx_hal_ltdc.o ABSOLUTE
    ..\\Lib\\Src\\stm32f4xx_hal_ltdc_ex.c    0x00000000   Number         0  stm32f4xx_hal_ltdc_ex.o ABSOLUTE
    ..\\Lib\\Src\\stm32f4xx_hal_mmc.c        0x00000000   Number         0  stm32f4xx_hal_mmc.o ABSOLUTE
    ..\\Lib\\Src\\stm32f4xx_hal_nand.c       0x00000000   Number         0  stm32f4xx_hal_nand.o ABSOLUTE
    ..\\Lib\\Src\\stm32f4xx_hal_nor.c        0x00000000   Number         0  stm32f4xx_hal_nor.o ABSOLUTE
    ..\\Lib\\Src\\stm32f4xx_hal_pccard.c     0x00000000   Number         0  stm32f4xx_hal_pccard.o ABSOLUTE
    ..\\Lib\\Src\\stm32f4xx_hal_pcd.c        0x00000000   Number         0  stm32f4xx_hal_pcd.o ABSOLUTE
    ..\\Lib\\Src\\stm32f4xx_hal_pcd_ex.c     0x00000000   Number         0  stm32f4xx_hal_pcd_ex.o ABSOLUTE
    ..\\Lib\\Src\\stm32f4xx_hal_pwr.c        0x00000000   Number         0  stm32f4xx_hal_pwr.o ABSOLUTE
    ..\\Lib\\Src\\stm32f4xx_hal_pwr_ex.c     0x00000000   Number         0  stm32f4xx_hal_pwr_ex.o ABSOLUTE
    ..\\Lib\\Src\\stm32f4xx_hal_qspi.c       0x00000000   Number         0  stm32f4xx_hal_qspi.o ABSOLUTE
    ..\\Lib\\Src\\stm32f4xx_hal_rcc.c        0x00000000   Number         0  stm32f4xx_hal_rcc.o ABSOLUTE
    ..\\Lib\\Src\\stm32f4xx_hal_rcc_ex.c     0x00000000   Number         0  stm32f4xx_hal_rcc_ex.o ABSOLUTE
    ..\\Lib\\Src\\stm32f4xx_hal_rng.c        0x00000000   Number         0  stm32f4xx_hal_rng.o ABSOLUTE
    ..\\Lib\\Src\\stm32f4xx_hal_rtc.c        0x00000000   Number         0  stm32f4xx_hal_rtc.o ABSOLUTE
    ..\\Lib\\Src\\stm32f4xx_hal_rtc_ex.c     0x00000000   Number         0  stm32f4xx_hal_rtc_ex.o ABSOLUTE
    ..\\Lib\\Src\\stm32f4xx_hal_sai.c        0x00000000   Number         0  stm32f4xx_hal_sai.o ABSOLUTE
    ..\\Lib\\Src\\stm32f4xx_hal_sai_ex.c     0x00000000   Number         0  stm32f4xx_hal_sai_ex.o ABSOLUTE
    ..\\Lib\\Src\\stm32f4xx_hal_sd.c         0x00000000   Number         0  stm32f4xx_hal_sd.o ABSOLUTE
    ..\\Lib\\Src\\stm32f4xx_hal_sdram.c      0x00000000   Number         0  stm32f4xx_hal_sdram.o ABSOLUTE
    ..\\Lib\\Src\\stm32f4xx_hal_smartcard.c  0x00000000   Number         0  stm32f4xx_hal_smartcard.o ABSOLUTE
    ..\\Lib\\Src\\stm32f4xx_hal_spdifrx.c    0x00000000   Number         0  stm32f4xx_hal_spdifrx.o ABSOLUTE
    ..\\Lib\\Src\\stm32f4xx_hal_spi.c        0x00000000   Number         0  stm32f4xx_hal_spi.o ABSOLUTE
    ..\\Lib\\Src\\stm32f4xx_hal_sram.c       0x00000000   Number         0  stm32f4xx_hal_sram.o ABSOLUTE
    ..\\Lib\\Src\\stm32f4xx_hal_tim.c        0x00000000   Number         0  stm32f4xx_hal_tim.o ABSOLUTE
    ..\\Lib\\Src\\stm32f4xx_hal_tim_ex.c     0x00000000   Number         0  stm32f4xx_hal_tim_ex.o ABSOLUTE
    ..\\Lib\\Src\\stm32f4xx_hal_uart.c       0x00000000   Number         0  stm32f4xx_hal_uart.o ABSOLUTE
    ..\\Lib\\Src\\stm32f4xx_hal_usart.c      0x00000000   Number         0  stm32f4xx_hal_usart.o ABSOLUTE
    ..\\Lib\\Src\\stm32f4xx_hal_wwdg.c       0x00000000   Number         0  stm32f4xx_hal_wwdg.o ABSOLUTE
    ..\\Lib\\Src\\stm32f4xx_ll_fmc.c         0x00000000   Number         0  stm32f4xx_ll_fmc.o ABSOLUTE
    ..\\Lib\\Src\\stm32f4xx_ll_fsmc.c        0x00000000   Number         0  stm32f4xx_ll_fsmc.o ABSOLUTE
    ..\\Lib\\Src\\stm32f4xx_ll_sdmmc.c       0x00000000   Number         0  stm32f4xx_ll_sdmmc.o ABSOLUTE
    ..\\Lib\\Src\\stm32f4xx_ll_usb.c         0x00000000   Number         0  stm32f4xx_ll_usb.o ABSOLUTE
    ..\\Lib\\Src\\stm32f4xx_ll_utils.c       0x00000000   Number         0  stm32f4xx_ll_utils.o ABSOLUTE
    ..\\User\\Src\\gpio.c                    0x00000000   Number         0  gpio.o ABSOLUTE
    ..\\User\\Src\\main.c                    0x00000000   Number         0  main.o ABSOLUTE
    ..\\User\\Src\\stm32f4xx_hal_msp.c       0x00000000   Number         0  stm32f4xx_hal_msp.o ABSOLUTE
    ..\\User\\Src\\stm32f4xx_it.c            0x00000000   Number         0  stm32f4xx_it.o ABSOLUTE
    ..\\User\\Src\\system_stm32f4xx.c        0x00000000   Number         0  system_stm32f4xx.o ABSOLUTE
    dc.s                                     0x00000000   Number         0  dc.o ABSOLUTE
    RESET                                    0x08000000   Section      428  startup_stm32f429xx.o(RESET)
    !!!main                                  0x080001ac   Section        8  __main.o(!!!main)
    !!!scatter                               0x080001b4   Section       52  __scatter.o(!!!scatter)
    !!handler_copy                           0x080001e8   Section       26  __scatter_copy.o(!!handler_copy)
    !!handler_zi                             0x08000204   Section       28  __scatter_zi.o(!!handler_zi)
    .ARM.Collect$$libinit$$00000000          0x08000220   Section        2  libinit.o(.ARM.Collect$$libinit$$00000000)
    .ARM.Collect$$libinit$$00000001          0x08000222   Section        4  libinit2.o(.ARM.Collect$$libinit$$00000001)
    .ARM.Collect$$libinit$$00000004          0x08000226   Section        0  libinit2.o(.ARM.Collect$$libinit$$00000004)
    .ARM.Collect$$libinit$$0000000A          0x08000226   Section        0  libinit2.o(.ARM.Collect$$libinit$$0000000A)
    .ARM.Collect$$libinit$$0000000C          0x08000226   Section        0  libinit2.o(.ARM.Collect$$libinit$$0000000C)
    .ARM.Collect$$libinit$$0000000E          0x08000226   Section        0  libinit2.o(.ARM.Collect$$libinit$$0000000E)
    .ARM.Collect$$libinit$$00000011          0x08000226   Section        0  libinit2.o(.ARM.Collect$$libinit$$00000011)
    .ARM.Collect$$libinit$$00000013          0x08000226   Section        0  libinit2.o(.ARM.Collect$$libinit$$00000013)
    .ARM.Collect$$libinit$$00000015          0x08000226   Section        0  libinit2.o(.ARM.Collect$$libinit$$00000015)
    .ARM.Collect$$libinit$$00000017          0x08000226   Section        0  libinit2.o(.ARM.Collect$$libinit$$00000017)
    .ARM.Collect$$libinit$$00000019          0x08000226   Section        0  libinit2.o(.ARM.Collect$$libinit$$00000019)
    .ARM.Collect$$libinit$$0000001B          0x08000226   Section        0  libinit2.o(.ARM.Collect$$libinit$$0000001B)
    .ARM.Collect$$libinit$$0000001D          0x08000226   Section        0  libinit2.o(.ARM.Collect$$libinit$$0000001D)
    .ARM.Collect$$libinit$$0000001F          0x08000226   Section        0  libinit2.o(.ARM.Collect$$libinit$$0000001F)
    .ARM.Collect$$libinit$$00000021          0x08000226   Section        0  libinit2.o(.ARM.Collect$$libinit$$00000021)
    .ARM.Collect$$libinit$$00000023          0x08000226   Section        0  libinit2.o(.ARM.Collect$$libinit$$00000023)
    .ARM.Collect$$libinit$$00000025          0x08000226   Section        0  libinit2.o(.ARM.Collect$$libinit$$00000025)
    .ARM.Collect$$libinit$$0000002C          0x08000226   Section        0  libinit2.o(.ARM.Collect$$libinit$$0000002C)
    .ARM.Collect$$libinit$$0000002E          0x08000226   Section        0  libinit2.o(.ARM.Collect$$libinit$$0000002E)
    .ARM.Collect$$libinit$$00000030          0x08000226   Section        0  libinit2.o(.ARM.Collect$$libinit$$00000030)
    .ARM.Collect$$libinit$$00000032          0x08000226   Section        0  libinit2.o(.ARM.Collect$$libinit$$00000032)
    .ARM.Collect$$libinit$$00000033          0x08000226   Section        2  libinit2.o(.ARM.Collect$$libinit$$00000033)
    .ARM.Collect$$libshutdown$$00000000      0x08000228   Section        2  libshutdown.o(.ARM.Collect$$libshutdown$$00000000)
    .ARM.Collect$$libshutdown$$00000003      0x0800022a   Section        0  libshutdown2.o(.ARM.Collect$$libshutdown$$00000003)
    .ARM.Collect$$libshutdown$$00000006      0x0800022a   Section        0  libshutdown2.o(.ARM.Collect$$libshutdown$$00000006)
    .ARM.Collect$$libshutdown$$00000009      0x0800022a   Section        0  libshutdown2.o(.ARM.Collect$$libshutdown$$00000009)
    .ARM.Collect$$libshutdown$$0000000B      0x0800022a   Section        0  libshutdown2.o(.ARM.Collect$$libshutdown$$0000000B)
    .ARM.Collect$$libshutdown$$0000000E      0x0800022a   Section        0  libshutdown2.o(.ARM.Collect$$libshutdown$$0000000E)
    .ARM.Collect$$libshutdown$$0000000F      0x0800022a   Section        2  libshutdown2.o(.ARM.Collect$$libshutdown$$0000000F)
    .ARM.Collect$$rtentry$$00000000          0x0800022c   Section        0  __rtentry.o(.ARM.Collect$$rtentry$$00000000)
    .ARM.Collect$$rtentry$$00000002          0x0800022c   Section        0  __rtentry2.o(.ARM.Collect$$rtentry$$00000002)
    .ARM.Collect$$rtentry$$00000004          0x0800022c   Section        6  __rtentry4.o(.ARM.Collect$$rtentry$$00000004)
    .ARM.Collect$$rtentry$$00000009          0x08000232   Section        0  __rtentry2.o(.ARM.Collect$$rtentry$$00000009)
    .ARM.Collect$$rtentry$$0000000A          0x08000232   Section        4  __rtentry2.o(.ARM.Collect$$rtentry$$0000000A)
    .ARM.Collect$$rtentry$$0000000C          0x08000236   Section        0  __rtentry2.o(.ARM.Collect$$rtentry$$0000000C)
    .ARM.Collect$$rtentry$$0000000D          0x08000236   Section        8  __rtentry2.o(.ARM.Collect$$rtentry$$0000000D)
    .ARM.Collect$$rtexit$$00000000           0x0800023e   Section        2  rtexit.o(.ARM.Collect$$rtexit$$00000000)
    .ARM.Collect$$rtexit$$00000002           0x08000240   Section        0  rtexit2.o(.ARM.Collect$$rtexit$$00000002)
    .ARM.Collect$$rtexit$$00000003           0x08000240   Section        4  rtexit2.o(.ARM.Collect$$rtexit$$00000003)
    .ARM.Collect$$rtexit$$00000004           0x08000244   Section        6  rtexit2.o(.ARM.Collect$$rtexit$$00000004)
    .text                                    0x0800024c   Section       64  startup_stm32f429xx.o(.text)
    $v0                                      0x0800024c   Number         0  startup_stm32f429xx.o(.text)
    .text                                    0x0800028c   Section      100  rt_memcpy_w.o(.text)
    .text                                    0x080002f0   Section        0  heapauxi.o(.text)
    .text                                    0x080002f6   Section       74  sys_stackheap_outer.o(.text)
    .text                                    0x08000340   Section        0  exit.o(.text)
    .text                                    0x0800034c   Section        8  libspace.o(.text)
    .text                                    0x08000354   Section        0  sys_exit.o(.text)
    .text                                    0x08000360   Section        2  use_no_semi.o(.text)
    .text                                    0x08000362   Section        0  indicate_semi.o(.text)
    i.BSP_LCD_Clear                          0x08000364   Section        0  stm32f429i_discovery_lcd.o(i.BSP_LCD_Clear)
    i.BSP_LCD_DisplayChar                    0x080003a4   Section        0  stm32f429i_discovery_lcd.o(i.BSP_LCD_DisplayChar)
    i.BSP_LCD_DisplayOn                      0x0800040c   Section        0  stm32f429i_discovery_lcd.o(i.BSP_LCD_DisplayOn)
    i.BSP_LCD_DisplayStringAt                0x08000424   Section        0  stm32f429i_discovery_lcd.o(i.BSP_LCD_DisplayStringAt)
    i.BSP_LCD_DrawPixel                      0x0800053c   Section        0  stm32f429i_discovery_lcd.o(i.BSP_LCD_DrawPixel)
    i.BSP_LCD_GetXSize                       0x08000570   Section        0  stm32f429i_discovery_lcd.o(i.BSP_LCD_GetXSize)
    i.BSP_LCD_GetYSize                       0x08000580   Section        0  stm32f429i_discovery_lcd.o(i.BSP_LCD_GetYSize)
    i.BSP_LCD_Init                           0x08000590   Section        0  stm32f429i_discovery_lcd.o(i.BSP_LCD_Init)
    i.BSP_LCD_LayerDefaultInit               0x08000638   Section        0  stm32f429i_discovery_lcd.o(i.BSP_LCD_LayerDefaultInit)
    i.BSP_LCD_MspInit                        0x080006d0   Section        0  stm32f429i_discovery_lcd.o(i.BSP_LCD_MspInit)
    i.BSP_LCD_SelectLayer                    0x0800086c   Section        0  stm32f429i_discovery_lcd.o(i.BSP_LCD_SelectLayer)
    i.BSP_LCD_SetColorKeying                 0x08000878   Section        0  stm32f429i_discovery_lcd.o(i.BSP_LCD_SetColorKeying)
    i.BSP_LCD_SetFont                        0x08000898   Section        0  stm32f429i_discovery_lcd.o(i.BSP_LCD_SetFont)
    i.BSP_LCD_SetLayerVisible                0x080008b4   Section        0  stm32f429i_discovery_lcd.o(i.BSP_LCD_SetLayerVisible)
    i.BSP_SDRAM_Init                         0x08000904   Section        0  stm32f429i_discovery_sdram.o(i.BSP_SDRAM_Init)
    i.BSP_SDRAM_Initialization_sequence      0x08000994   Section        0  stm32f429i_discovery_sdram.o(i.BSP_SDRAM_Initialization_sequence)
    i.BSP_SDRAM_MspInit                      0x08000a2c   Section        0  stm32f429i_discovery_sdram.o(i.BSP_SDRAM_MspInit)
    i.BusFault_Handler                       0x08000c18   Section        0  stm32f4xx_it.o(i.BusFault_Handler)
    i.DMA2D_SetConfig                        0x08000c1c   Section        0  stm32f4xx_hal_dma2d.o(i.DMA2D_SetConfig)
    DMA2D_SetConfig                          0x08000c1d   Thumb Code   258  stm32f4xx_hal_dma2d.o(i.DMA2D_SetConfig)
    i.DMA_CalcBaseAndBitshift                0x08000d24   Section        0  stm32f4xx_hal_dma.o(i.DMA_CalcBaseAndBitshift)
    DMA_CalcBaseAndBitshift                  0x08000d25   Thumb Code    46  stm32f4xx_hal_dma.o(i.DMA_CalcBaseAndBitshift)
    i.DMA_CheckFifoParam                     0x08000d58   Section        0  stm32f4xx_hal_dma.o(i.DMA_CheckFifoParam)
    DMA_CheckFifoParam                       0x08000d59   Thumb Code   170  stm32f4xx_hal_dma.o(i.DMA_CheckFifoParam)
    i.DebugMon_Handler                       0x08000e02   Section        0  stm32f4xx_it.o(i.DebugMon_Handler)
    i.DrawChar                               0x08000e04   Section        0  stm32f429i_discovery_lcd.o(i.DrawChar)
    DrawChar                                 0x08000e05   Thumb Code   256  stm32f429i_discovery_lcd.o(i.DrawChar)
    i.FMC_SDRAM_Init                         0x08000f0c   Section        0  stm32f4xx_ll_fmc.o(i.FMC_SDRAM_Init)
    i.FMC_SDRAM_ProgramRefreshRate           0x08000f80   Section        0  stm32f4xx_ll_fmc.o(i.FMC_SDRAM_ProgramRefreshRate)
    i.FMC_SDRAM_SendCommand                  0x08000f8e   Section        0  stm32f4xx_ll_fmc.o(i.FMC_SDRAM_SendCommand)
    i.FMC_SDRAM_Timing_Init                  0x08000fe0   Section        0  stm32f4xx_ll_fmc.o(i.FMC_SDRAM_Timing_Init)
    i.FillBuffer                             0x0800107c   Section        0  stm32f429i_discovery_lcd.o(i.FillBuffer)
    FillBuffer                               0x0800107d   Thumb Code    86  stm32f429i_discovery_lcd.o(i.FillBuffer)
    i.HAL_DMA2D_ConfigLayer                  0x080010dc   Section        0  stm32f4xx_hal_dma2d.o(i.HAL_DMA2D_ConfigLayer)
    i.HAL_DMA2D_Init                         0x080011dc   Section        0  stm32f4xx_hal_dma2d.o(i.HAL_DMA2D_Init)
    i.HAL_DMA2D_MspInit                      0x0800123c   Section        0  stm32f4xx_hal_dma2d.o(i.HAL_DMA2D_MspInit)
    i.HAL_DMA2D_PollForTransfer              0x0800123e   Section        0  stm32f4xx_hal_dma2d.o(i.HAL_DMA2D_PollForTransfer)
    i.HAL_DMA2D_Start                        0x080013a6   Section        0  stm32f4xx_hal_dma2d.o(i.HAL_DMA2D_Start)
    i.HAL_DMA_DeInit                         0x080013f4   Section        0  stm32f4xx_hal_dma.o(i.HAL_DMA_DeInit)
    i.HAL_DMA_Init                           0x08001458   Section        0  stm32f4xx_hal_dma.o(i.HAL_DMA_Init)
    i.HAL_Delay                              0x08001544   Section        0  stm32f4xx_hal.o(i.HAL_Delay)
    i.HAL_GPIO_Init                          0x08001564   Section        0  stm32f4xx_hal_gpio.o(i.HAL_GPIO_Init)
    i.HAL_GPIO_TogglePin                     0x08001780   Section        0  stm32f4xx_hal_gpio.o(i.HAL_GPIO_TogglePin)
    i.HAL_GPIO_WritePin                      0x08001788   Section        0  stm32f4xx_hal_gpio.o(i.HAL_GPIO_WritePin)
    i.HAL_GetTick                            0x08001794   Section        0  stm32f4xx_hal.o(i.HAL_GetTick)
    i.HAL_IncTick                            0x080017a0   Section        0  stm32f4xx_hal.o(i.HAL_IncTick)
    i.HAL_Init                               0x080017b0   Section        0  stm32f4xx_hal.o(i.HAL_Init)
    i.HAL_InitTick                           0x080017ec   Section        0  stm32f4xx_hal.o(i.HAL_InitTick)
    i.HAL_LTDC_ConfigColorKeying             0x08001814   Section        0  stm32f4xx_hal_ltdc.o(i.HAL_LTDC_ConfigColorKeying)
    i.HAL_LTDC_ConfigLayer                   0x08001874   Section        0  stm32f4xx_hal_ltdc.o(i.HAL_LTDC_ConfigLayer)
    i.HAL_LTDC_EnableColorKeying             0x080018d2   Section        0  stm32f4xx_hal_ltdc.o(i.HAL_LTDC_EnableColorKeying)
    i.HAL_LTDC_EnableDither                  0x08001920   Section        0  stm32f4xx_hal_ltdc.o(i.HAL_LTDC_EnableDither)
    i.HAL_LTDC_Init                          0x08001964   Section        0  stm32f4xx_hal_ltdc.o(i.HAL_LTDC_Init)
    i.HAL_LTDC_MspInit                       0x08001a80   Section        0  stm32f4xx_hal_msp.o(i.HAL_LTDC_MspInit)
    i.HAL_MspInit                            0x08001c10   Section        0  stm32f4xx_hal_msp.o(i.HAL_MspInit)
    i.HAL_NVIC_EnableIRQ                     0x08001c66   Section        0  stm32f4xx_hal_cortex.o(i.HAL_NVIC_EnableIRQ)
    i.HAL_NVIC_SetPriority                   0x08001c80   Section        0  stm32f4xx_hal_cortex.o(i.HAL_NVIC_SetPriority)
    i.HAL_NVIC_SetPriorityGrouping           0x08001cfc   Section        0  stm32f4xx_hal_cortex.o(i.HAL_NVIC_SetPriorityGrouping)
    i.HAL_PWREx_EnableOverDrive              0x08001d24   Section        0  stm32f4xx_hal_pwr_ex.o(i.HAL_PWREx_EnableOverDrive)
    i.HAL_RCCEx_PeriphCLKConfig              0x08001dc8   Section        0  stm32f4xx_hal_rcc_ex.o(i.HAL_RCCEx_PeriphCLKConfig)
    i.HAL_RCC_ClockConfig                    0x08002138   Section        0  stm32f4xx_hal_rcc.o(i.HAL_RCC_ClockConfig)
    i.HAL_RCC_GetHCLKFreq                    0x08002308   Section        0  stm32f4xx_hal_rcc.o(i.HAL_RCC_GetHCLKFreq)
    i.HAL_RCC_GetSysClockFreq                0x08002314   Section        0  stm32f4xx_hal_rcc.o(i.HAL_RCC_GetSysClockFreq)
    i.HAL_RCC_OscConfig                      0x080023c8   Section        0  stm32f4xx_hal_rcc.o(i.HAL_RCC_OscConfig)
    i.HAL_SDRAM_Init                         0x08002814   Section        0  stm32f4xx_hal_sdram.o(i.HAL_SDRAM_Init)
    i.HAL_SDRAM_MspInit                      0x08002854   Section        0  stm32f4xx_hal_sdram.o(i.HAL_SDRAM_MspInit)
    i.HAL_SDRAM_ProgramRefreshRate           0x08002856   Section        0  stm32f4xx_hal_sdram.o(i.HAL_SDRAM_ProgramRefreshRate)
    i.HAL_SDRAM_SendCommand                  0x0800287e   Section        0  stm32f4xx_hal_sdram.o(i.HAL_SDRAM_SendCommand)
    i.HAL_SPI_DeInit                         0x080028b8   Section        0  stm32f4xx_hal_spi.o(i.HAL_SPI_DeInit)
    i.HAL_SPI_GetState                       0x080028ee   Section        0  stm32f4xx_hal_spi.o(i.HAL_SPI_GetState)
    i.HAL_SPI_Init                           0x080028f6   Section        0  stm32f4xx_hal_spi.o(i.HAL_SPI_Init)
    i.HAL_SPI_MspDeInit                      0x08002982   Section        0  stm32f4xx_hal_spi.o(i.HAL_SPI_MspDeInit)
    i.HAL_SPI_MspInit                        0x08002984   Section        0  stm32f4xx_hal_spi.o(i.HAL_SPI_MspInit)
    i.HAL_SPI_Receive                        0x08002986   Section        0  stm32f4xx_hal_spi.o(i.HAL_SPI_Receive)
    i.HAL_SPI_Transmit                       0x08002af2   Section        0  stm32f4xx_hal_spi.o(i.HAL_SPI_Transmit)
    i.HAL_SPI_TransmitReceive                0x08002c98   Section        0  stm32f4xx_hal_spi.o(i.HAL_SPI_TransmitReceive)
    i.HAL_SYSTICK_CLKSourceConfig            0x08002eb6   Section        0  stm32f4xx_hal_cortex.o(i.HAL_SYSTICK_CLKSourceConfig)
    i.HAL_SYSTICK_Callback                   0x08002ede   Section        0  stm32f4xx_hal_cortex.o(i.HAL_SYSTICK_Callback)
    i.HAL_SYSTICK_Config                     0x08002ee0   Section        0  stm32f4xx_hal_cortex.o(i.HAL_SYSTICK_Config)
    i.HAL_SYSTICK_IRQHandler                 0x08002f14   Section        0  stm32f4xx_hal_cortex.o(i.HAL_SYSTICK_IRQHandler)
    i.HardFault_Handler                      0x08002f1c   Section        0  stm32f4xx_it.o(i.HardFault_Handler)
    i.IIC_Start                              0x08002f20   Section        0  myiic.o(i.IIC_Start)
    i.IIC_Stop                               0x08002f54   Section        0  myiic.o(i.IIC_Stop)
    i.LCD_Delay                              0x08002f88   Section        0  stm32f429i_discovery.o(i.LCD_Delay)
    i.LCD_IO_Init                            0x08002f94   Section        0  stm32f429i_discovery.o(i.LCD_IO_Init)
    i.LCD_IO_ReadData                        0x0800307c   Section        0  stm32f429i_discovery.o(i.LCD_IO_ReadData)
    i.LCD_IO_WriteData                       0x080030c8   Section        0  stm32f429i_discovery.o(i.LCD_IO_WriteData)
    i.LCD_IO_WriteReg                        0x080030fc   Section        0  stm32f429i_discovery.o(i.LCD_IO_WriteReg)
    i.LTDC_SetConfig                         0x08003130   Section        0  stm32f4xx_hal_ltdc.o(i.LTDC_SetConfig)
    LTDC_SetConfig                           0x08003131   Thumb Code   530  stm32f4xx_hal_ltdc.o(i.LTDC_SetConfig)
    i.MX_GPIO_Init                           0x08003344   Section        0  gpio.o(i.MX_GPIO_Init)
    i.MemManage_Handler                      0x080033f4   Section        0  stm32f4xx_it.o(i.MemManage_Handler)
    i.NMI_Handler                            0x080033f8   Section        0  stm32f4xx_it.o(i.NMI_Handler)
    i.NVIC_GetPriorityGrouping               0x080033fc   Section        0  stm32f4xx_hal_cortex.o(i.NVIC_GetPriorityGrouping)
    NVIC_GetPriorityGrouping                 0x080033fd   Thumb Code    10  stm32f4xx_hal_cortex.o(i.NVIC_GetPriorityGrouping)
    i.NVIC_SetPriority                       0x0800340c   Section        0  stm32f4xx_hal_cortex.o(i.NVIC_SetPriority)
    NVIC_SetPriority                         0x0800340d   Thumb Code    32  stm32f4xx_hal_cortex.o(i.NVIC_SetPriority)
    i.OLED_Fill                              0x08003434   Section        0  oled.o(i.OLED_Fill)
    i.OLED_Init                              0x0800346e   Section        0  oled.o(i.OLED_Init)
    i.OLED_Refresh_Gram                      0x08003530   Section        0  oled.o(i.OLED_Refresh_Gram)
    i.OLED_Set_Pos                           0x08003574   Section        0  oled.o(i.OLED_Set_Pos)
    i.OLED_Test                              0x0800359c   Section        0  oled.o(i.OLED_Test)
    i.OLED_WrCmd                             0x080035d0   Section        0  oled.o(i.OLED_WrCmd)
    i.OLED_WrDat                             0x080035f0   Section        0  oled.o(i.OLED_WrDat)
    i.PendSV_Handler                         0x08003610   Section        0  stm32f4xx_it.o(i.PendSV_Handler)
    i.SPI_CheckFlag_BSY                      0x08003612   Section        0  stm32f4xx_hal_spi.o(i.SPI_CheckFlag_BSY)
    SPI_CheckFlag_BSY                        0x08003613   Thumb Code    40  stm32f4xx_hal_spi.o(i.SPI_CheckFlag_BSY)
    i.SPI_WaitFlagStateUntilTimeout          0x0800363a   Section        0  stm32f4xx_hal_spi.o(i.SPI_WaitFlagStateUntilTimeout)
    SPI_WaitFlagStateUntilTimeout            0x0800363b   Thumb Code   170  stm32f4xx_hal_spi.o(i.SPI_WaitFlagStateUntilTimeout)
    i.SPIx_Error                             0x080036e4   Section        0  stm32f429i_discovery.o(i.SPIx_Error)
    SPIx_Error                               0x080036e5   Thumb Code    14  stm32f429i_discovery.o(i.SPIx_Error)
    i.SPIx_Init                              0x080036f8   Section        0  stm32f429i_discovery.o(i.SPIx_Init)
    SPIx_Init                                0x080036f9   Thumb Code    74  stm32f429i_discovery.o(i.SPIx_Init)
    i.SPIx_MspInit                           0x0800374c   Section        0  stm32f429i_discovery.o(i.SPIx_MspInit)
    SPIx_MspInit                             0x0800374d   Thumb Code   106  stm32f429i_discovery.o(i.SPIx_MspInit)
    i.SPIx_Read                              0x080037c0   Section        0  stm32f429i_discovery.o(i.SPIx_Read)
    SPIx_Read                                0x080037c1   Thumb Code    32  stm32f429i_discovery.o(i.SPIx_Read)
    i.SPIx_Write                             0x080037e8   Section        0  stm32f429i_discovery.o(i.SPIx_Write)
    SPIx_Write                               0x080037e9   Thumb Code    28  stm32f429i_discovery.o(i.SPIx_Write)
    i.SVC_Handler                            0x0800380c   Section        0  stm32f4xx_it.o(i.SVC_Handler)
    i.SysTick_Handler                        0x0800380e   Section        0  stm32f4xx_it.o(i.SysTick_Handler)
    i.SystemClock_Config                     0x0800381c   Section        0  main.o(i.SystemClock_Config)
    i.SystemInit                             0x0800390c   Section        0  system_stm32f4xx.o(i.SystemInit)
    i.UsageFault_Handler                     0x08003970   Section        0  stm32f4xx_it.o(i.UsageFault_Handler)
    i.Write_IIC_Byte                         0x08003974   Section        0  myiic.o(i.Write_IIC_Byte)
    i._Error_Handler                         0x080039e0   Section        0  main.o(i._Error_Handler)
    i.delay                                  0x080039e4   Section        0  myiic.o(i.delay)
    i.ili9341_DisplayOff                     0x080039fa   Section        0  ili9341.o(i.ili9341_DisplayOff)
    i.ili9341_DisplayOn                      0x08003a04   Section        0  ili9341.o(i.ili9341_DisplayOn)
    i.ili9341_GetLcdPixelHeight              0x08003a0e   Section        0  ili9341.o(i.ili9341_GetLcdPixelHeight)
    i.ili9341_GetLcdPixelWidth               0x08003a14   Section        0  ili9341.o(i.ili9341_GetLcdPixelWidth)
    i.ili9341_Init                           0x08003a18   Section        0  ili9341.o(i.ili9341_Init)
    i.ili9341_ReadData                       0x08003ca8   Section        0  ili9341.o(i.ili9341_ReadData)
    i.ili9341_ReadID                         0x08003cb8   Section        0  ili9341.o(i.ili9341_ReadID)
    i.ili9341_WriteData                      0x08003cca   Section        0  ili9341.o(i.ili9341_WriteData)
    i.ili9341_WriteReg                       0x08003cd6   Section        0  ili9341.o(i.ili9341_WriteReg)
    i.main                                   0x08003ce4   Section        0  main.o(i.main)
    x$fpl$fpinit                             0x08003d90   Section       10  fpinit.o(x$fpl$fpinit)
    $v0                                      0x08003d90   Number         0  fpinit.o(x$fpl$fpinit)
    .constdata                               0x08003d9a   Section        8  stm32f4xx_hal_dma.o(.constdata)
    flagBitshiftOffset                       0x08003d9a   Data           8  stm32f4xx_hal_dma.o(.constdata)
    .constdata                               0x08003da2   Section       24  system_stm32f4xx.o(.constdata)
    .constdata                               0x08003dba   Section    15580  stm32f429i_discovery_lcd.o(.constdata)
    .data                                    0x20000000   Section        4  stm32f4xx_hal.o(.data)
    .data                                    0x20000004   Section        4  system_stm32f4xx.o(.data)
    .data                                    0x20000008   Section       56  ili9341.o(.data)
    .data                                    0x20000040   Section       21  stm32f429i_discovery.o(.data)
    Is_LCD_IO_Initialized                    0x20000054   Data           1  stm32f429i_discovery.o(.data)
    .data                                    0x20000058   Section       48  stm32f429i_discovery_lcd.o(.data)
    ActiveLayer                              0x20000080   Data           4  stm32f429i_discovery_lcd.o(.data)
    .data                                    0x20000088   Section        1  stm32f429i_discovery_sdram.o(.data)
    sdramstatus                              0x20000088   Data           1  stm32f429i_discovery_sdram.o(.data)
    .bss                                     0x2000008c   Section     1024  oled.o(.bss)
    .bss                                     0x2000048c   Section      172  stm32f429i_discovery.o(.bss)
    SpiHandle                                0x200004e0   Data          88  stm32f429i_discovery.o(.bss)
    .bss                                     0x20000538   Section      304  stm32f429i_discovery_lcd.o(.bss)
    Dma2dHandler                             0x200005e0   Data          64  stm32f429i_discovery_lcd.o(.bss)
    PeriphClkInitStruct                      0x20000620   Data          48  stm32f429i_discovery_lcd.o(.bss)
    DrawProp                                 0x20000650   Data          24  stm32f429i_discovery_lcd.o(.bss)
    .bss                                     0x20000668   Section      288  stm32f429i_discovery_sdram.o(.bss)
    SdramHandle                              0x20000668   Data          52  stm32f429i_discovery_sdram.o(.bss)
    Timing                                   0x2000069c   Data          28  stm32f429i_discovery_sdram.o(.bss)
    Command                                  0x200006b8   Data          16  stm32f429i_discovery_sdram.o(.bss)
    dmaHandle                                0x200006c8   Data          96  stm32f429i_discovery_sdram.o(.bss)
    dma_handle                               0x20000728   Data          96  stm32f429i_discovery_sdram.o(.bss)
    .bss                                     0x20000788   Section       96  libspace.o(.bss)
    HEAP                                     0x200007e8   Section      512  startup_stm32f429xx.o(HEAP)
    Heap_Mem                                 0x200007e8   Data         512  startup_stm32f429xx.o(HEAP)
    STACK                                    0x200009e8   Section     1024  startup_stm32f429xx.o(STACK)
    Stack_Mem                                0x200009e8   Data        1024  startup_stm32f429xx.o(STACK)
    __initial_sp                             0x20000de8   Data           0  startup_stm32f429xx.o(STACK)

    Global Symbols

    Symbol Name                              Value     Ov Type        Size  Object(Section)

    BuildAttributes$$THM_ISAv4$E$P$D$K$B$S$7EM$VFPi3$EXTD16$VFPS$VFMA$PE$A:L22UL41UL21$X:L11$S22US41US21$IEEE1$IW$USESV6$~STKCKD$USESV7$~SHL$OSPACE$ROPI$EBA8$UX$STANDARDLIB$REQ8$PRES8$EABIv2 0x00000000   Number         0  anon$$obj.o ABSOLUTE
    __ARM_use_no_argv                        0x00000000   Number         0  main.o ABSOLUTE
    __ARM_exceptions_init                     - Undefined Weak Reference
    __alloca_initialize                       - Undefined Weak Reference
    __arm_preinit_                            - Undefined Weak Reference
    __cpp_initialize__aeabi_                  - Undefined Weak Reference
    __cxa_finalize                            - Undefined Weak Reference
    __rt_locale                               - Undefined Weak Reference
    __sigvec_lookup                           - Undefined Weak Reference
    _atexit_init                              - Undefined Weak Reference
    _call_atexit_fns                          - Undefined Weak Reference
    _clock_init                               - Undefined Weak Reference
    _fp_trap_init                             - Undefined Weak Reference
    _fp_trap_shutdown                         - Undefined Weak Reference
    _get_lc_collate                           - Undefined Weak Reference
    _get_lc_ctype                             - Undefined Weak Reference
    _get_lc_monetary                          - Undefined Weak Reference
    _get_lc_numeric                           - Undefined Weak Reference
    _get_lc_time                              - Undefined Weak Reference
    _getenv_init                              - Undefined Weak Reference
    _handle_redirection                       - Undefined Weak Reference
    _init_alloc                               - Undefined Weak Reference
    _init_user_alloc                          - Undefined Weak Reference
    _initio                                   - Undefined Weak Reference
    _rand_init                                - Undefined Weak Reference
    _signal_finish                            - Undefined Weak Reference
    _signal_init                              - Undefined Weak Reference
    _terminate_alloc                          - Undefined Weak Reference
    _terminate_user_alloc                     - Undefined Weak Reference
    _terminateio                              - Undefined Weak Reference
    __Vectors_Size                           0x000001ac   Number         0  startup_stm32f429xx.o ABSOLUTE
    __Vectors                                0x08000000   Data           4  startup_stm32f429xx.o(RESET)
    __Vectors_End                            0x080001ac   Data           0  startup_stm32f429xx.o(RESET)
    __main                                   0x080001ad   Thumb Code     8  __main.o(!!!main)
    __scatterload                            0x080001b5   Thumb Code     0  __scatter.o(!!!scatter)
    __scatterload_rt2                        0x080001b5   Thumb Code    44  __scatter.o(!!!scatter)
    __scatterload_rt2_thumb_only             0x080001b5   Thumb Code     0  __scatter.o(!!!scatter)
    __scatterload_null                       0x080001c3   Thumb Code     0  __scatter.o(!!!scatter)
    __scatterload_copy                       0x080001e9   Thumb Code    26  __scatter_copy.o(!!handler_copy)
    __scatterload_zeroinit                   0x08000205   Thumb Code    28  __scatter_zi.o(!!handler_zi)
    __rt_lib_init                            0x08000221   Thumb Code     0  libinit.o(.ARM.Collect$$libinit$$00000000)
    __rt_lib_init_fp_1                       0x08000223   Thumb Code     0  libinit2.o(.ARM.Collect$$libinit$$00000001)
    __rt_lib_init_alloca_1                   0x08000227   Thumb Code     0  libinit2.o(.ARM.Collect$$libinit$$0000002E)
    __rt_lib_init_argv_1                     0x08000227   Thumb Code     0  libinit2.o(.ARM.Collect$$libinit$$0000002C)
    __rt_lib_init_atexit_1                   0x08000227   Thumb Code     0  libinit2.o(.ARM.Collect$$libinit$$0000001B)
    __rt_lib_init_clock_1                    0x08000227   Thumb Code     0  libinit2.o(.ARM.Collect$$libinit$$00000021)
    __rt_lib_init_cpp_1                      0x08000227   Thumb Code     0  libinit2.o(.ARM.Collect$$libinit$$00000032)
    __rt_lib_init_exceptions_1               0x08000227   Thumb Code     0  libinit2.o(.ARM.Collect$$libinit$$00000030)
    __rt_lib_init_fp_trap_1                  0x08000227   Thumb Code     0  libinit2.o(.ARM.Collect$$libinit$$0000001F)
    __rt_lib_init_getenv_1                   0x08000227   Thumb Code     0  libinit2.o(.ARM.Collect$$libinit$$00000023)
    __rt_lib_init_heap_1                     0x08000227   Thumb Code     0  libinit2.o(.ARM.Collect$$libinit$$0000000A)
    __rt_lib_init_lc_collate_1               0x08000227   Thumb Code     0  libinit2.o(.ARM.Collect$$libinit$$00000011)
    __rt_lib_init_lc_ctype_1                 0x08000227   Thumb Code     0  libinit2.o(.ARM.Collect$$libinit$$00000013)
    __rt_lib_init_lc_monetary_1              0x08000227   Thumb Code     0  libinit2.o(.ARM.Collect$$libinit$$00000015)
    __rt_lib_init_lc_numeric_1               0x08000227   Thumb Code     0  libinit2.o(.ARM.Collect$$libinit$$00000017)
    __rt_lib_init_lc_time_1                  0x08000227   Thumb Code     0  libinit2.o(.ARM.Collect$$libinit$$00000019)
    __rt_lib_init_preinit_1                  0x08000227   Thumb Code     0  libinit2.o(.ARM.Collect$$libinit$$00000004)
    __rt_lib_init_rand_1                     0x08000227   Thumb Code     0  libinit2.o(.ARM.Collect$$libinit$$0000000E)
    __rt_lib_init_return                     0x08000227   Thumb Code     0  libinit2.o(.ARM.Collect$$libinit$$00000033)
    __rt_lib_init_signal_1                   0x08000227   Thumb Code     0  libinit2.o(.ARM.Collect$$libinit$$0000001D)
    __rt_lib_init_stdio_1                    0x08000227   Thumb Code     0  libinit2.o(.ARM.Collect$$libinit$$00000025)
    __rt_lib_init_user_alloc_1               0x08000227   Thumb Code     0  libinit2.o(.ARM.Collect$$libinit$$0000000C)
    __rt_lib_shutdown                        0x08000229   Thumb Code     0  libshutdown.o(.ARM.Collect$$libshutdown$$00000000)
    __rt_lib_shutdown_fp_trap_1              0x0800022b   Thumb Code     0  libshutdown2.o(.ARM.Collect$$libshutdown$$00000006)
    __rt_lib_shutdown_heap_1                 0x0800022b   Thumb Code     0  libshutdown2.o(.ARM.Collect$$libshutdown$$0000000E)
    __rt_lib_shutdown_return                 0x0800022b   Thumb Code     0  libshutdown2.o(.ARM.Collect$$libshutdown$$0000000F)
    __rt_lib_shutdown_signal_1               0x0800022b   Thumb Code     0  libshutdown2.o(.ARM.Collect$$libshutdown$$00000009)
    __rt_lib_shutdown_stdio_1                0x0800022b   Thumb Code     0  libshutdown2.o(.ARM.Collect$$libshutdown$$00000003)
    __rt_lib_shutdown_user_alloc_1           0x0800022b   Thumb Code     0  libshutdown2.o(.ARM.Collect$$libshutdown$$0000000B)
    __rt_entry                               0x0800022d   Thumb Code     0  __rtentry.o(.ARM.Collect$$rtentry$$00000000)
    __rt_entry_presh_1                       0x0800022d   Thumb Code     0  __rtentry2.o(.ARM.Collect$$rtentry$$00000002)
    __rt_entry_sh                            0x0800022d   Thumb Code     0  __rtentry4.o(.ARM.Collect$$rtentry$$00000004)
    __rt_entry_li                            0x08000233   Thumb Code     0  __rtentry2.o(.ARM.Collect$$rtentry$$0000000A)
    __rt_entry_postsh_1                      0x08000233   Thumb Code     0  __rtentry2.o(.ARM.Collect$$rtentry$$00000009)
    __rt_entry_main                          0x08000237   Thumb Code     0  __rtentry2.o(.ARM.Collect$$rtentry$$0000000D)
    __rt_entry_postli_1                      0x08000237   Thumb Code     0  __rtentry2.o(.ARM.Collect$$rtentry$$0000000C)
    __rt_exit                                0x0800023f   Thumb Code     0  rtexit.o(.ARM.Collect$$rtexit$$00000000)
    __rt_exit_ls                             0x08000241   Thumb Code     0  rtexit2.o(.ARM.Collect$$rtexit$$00000003)
    __rt_exit_prels_1                        0x08000241   Thumb Code     0  rtexit2.o(.ARM.Collect$$rtexit$$00000002)
    __rt_exit_exit                           0x08000245   Thumb Code     0  rtexit2.o(.ARM.Collect$$rtexit$$00000004)
    Reset_Handler                            0x0800024d   Thumb Code     8  startup_stm32f429xx.o(.text)
    ADC_IRQHandler                           0x08000267   Thumb Code     0  startup_stm32f429xx.o(.text)
    CAN1_RX0_IRQHandler                      0x08000267   Thumb Code     0  startup_stm32f429xx.o(.text)
    CAN1_RX1_IRQHandler                      0x08000267   Thumb Code     0  startup_stm32f429xx.o(.text)
    CAN1_SCE_IRQHandler                      0x08000267   Thumb Code     0  startup_stm32f429xx.o(.text)
    CAN1_TX_IRQHandler                       0x08000267   Thumb Code     0  startup_stm32f429xx.o(.text)
    CAN2_RX0_IRQHandler                      0x08000267   Thumb Code     0  startup_stm32f429xx.o(.text)
    CAN2_RX1_IRQHandler                      0x08000267   Thumb Code     0  startup_stm32f429xx.o(.text)
    CAN2_SCE_IRQHandler                      0x08000267   Thumb Code     0  startup_stm32f429xx.o(.text)
    CAN2_TX_IRQHandler                       0x08000267   Thumb Code     0  startup_stm32f429xx.o(.text)
    DCMI_IRQHandler                          0x08000267   Thumb Code     0  startup_stm32f429xx.o(.text)
    DMA1_Stream0_IRQHandler                  0x08000267   Thumb Code     0  startup_stm32f429xx.o(.text)
    DMA1_Stream1_IRQHandler                  0x08000267   Thumb Code     0  startup_stm32f429xx.o(.text)
    DMA1_Stream2_IRQHandler                  0x08000267   Thumb Code     0  startup_stm32f429xx.o(.text)
    DMA1_Stream3_IRQHandler                  0x08000267   Thumb Code     0  startup_stm32f429xx.o(.text)
    DMA1_Stream4_IRQHandler                  0x08000267   Thumb Code     0  startup_stm32f429xx.o(.text)
    DMA1_Stream5_IRQHandler                  0x08000267   Thumb Code     0  startup_stm32f429xx.o(.text)
    DMA1_Stream6_IRQHandler                  0x08000267   Thumb Code     0  startup_stm32f429xx.o(.text)
    DMA1_Stream7_IRQHandler                  0x08000267   Thumb Code     0  startup_stm32f429xx.o(.text)
    DMA2D_IRQHandler                         0x08000267   Thumb Code     0  startup_stm32f429xx.o(.text)
    DMA2_Stream0_IRQHandler                  0x08000267   Thumb Code     0  startup_stm32f429xx.o(.text)
    DMA2_Stream1_IRQHandler                  0x08000267   Thumb Code     0  startup_stm32f429xx.o(.text)
    DMA2_Stream2_IRQHandler                  0x08000267   Thumb Code     0  startup_stm32f429xx.o(.text)
    DMA2_Stream3_IRQHandler                  0x08000267   Thumb Code     0  startup_stm32f429xx.o(.text)
    DMA2_Stream4_IRQHandler                  0x08000267   Thumb Code     0  startup_stm32f429xx.o(.text)
    DMA2_Stream5_IRQHandler                  0x08000267   Thumb Code     0  startup_stm32f429xx.o(.text)
    DMA2_Stream6_IRQHandler                  0x08000267   Thumb Code     0  startup_stm32f429xx.o(.text)
    DMA2_Stream7_IRQHandler                  0x08000267   Thumb Code     0  startup_stm32f429xx.o(.text)
    ETH_IRQHandler                           0x08000267   Thumb Code     0  startup_stm32f429xx.o(.text)
    ETH_WKUP_IRQHandler                      0x08000267   Thumb Code     0  startup_stm32f429xx.o(.text)
    EXTI0_IRQHandler                         0x08000267   Thumb Code     0  startup_stm32f429xx.o(.text)
    EXTI15_10_IRQHandler                     0x08000267   Thumb Code     0  startup_stm32f429xx.o(.text)
    EXTI1_IRQHandler                         0x08000267   Thumb Code     0  startup_stm32f429xx.o(.text)
    EXTI2_IRQHandler                         0x08000267   Thumb Code     0  startup_stm32f429xx.o(.text)
    EXTI3_IRQHandler                         0x08000267   Thumb Code     0  startup_stm32f429xx.o(.text)
    EXTI4_IRQHandler                         0x08000267   Thumb Code     0  startup_stm32f429xx.o(.text)
    EXTI9_5_IRQHandler                       0x08000267   Thumb Code     0  startup_stm32f429xx.o(.text)
    FLASH_IRQHandler                         0x08000267   Thumb Code     0  startup_stm32f429xx.o(.text)
    FMC_IRQHandler                           0x08000267   Thumb Code     0  startup_stm32f429xx.o(.text)
    FPU_IRQHandler                           0x08000267   Thumb Code     0  startup_stm32f429xx.o(.text)
    HASH_RNG_IRQHandler                      0x08000267   Thumb Code     0  startup_stm32f429xx.o(.text)
    I2C1_ER_IRQHandler                       0x08000267   Thumb Code     0  startup_stm32f429xx.o(.text)
    I2C1_EV_IRQHandler                       0x08000267   Thumb Code     0  startup_stm32f429xx.o(.text)
    I2C2_ER_IRQHandler                       0x08000267   Thumb Code     0  startup_stm32f429xx.o(.text)
    I2C2_EV_IRQHandler                       0x08000267   Thumb Code     0  startup_stm32f429xx.o(.text)
    I2C3_ER_IRQHandler                       0x08000267   Thumb Code     0  startup_stm32f429xx.o(.text)
    I2C3_EV_IRQHandler                       0x08000267   Thumb Code     0  startup_stm32f429xx.o(.text)
    LTDC_ER_IRQHandler                       0x08000267   Thumb Code     0  startup_stm32f429xx.o(.text)
    LTDC_IRQHandler                          0x08000267   Thumb Code     0  startup_stm32f429xx.o(.text)
    OTG_FS_IRQHandler                        0x08000267   Thumb Code     0  startup_stm32f429xx.o(.text)
    OTG_FS_WKUP_IRQHandler                   0x08000267   Thumb Code     0  startup_stm32f429xx.o(.text)
    OTG_HS_EP1_IN_IRQHandler                 0x08000267   Thumb Code     0  startup_stm32f429xx.o(.text)
    OTG_HS_EP1_OUT_IRQHandler                0x08000267   Thumb Code     0  startup_stm32f429xx.o(.text)
    OTG_HS_IRQHandler                        0x08000267   Thumb Code     0  startup_stm32f429xx.o(.text)
    OTG_HS_WKUP_IRQHandler                   0x08000267   Thumb Code     0  startup_stm32f429xx.o(.text)
    PVD_IRQHandler                           0x08000267   Thumb Code     0  startup_stm32f429xx.o(.text)
    RCC_IRQHandler                           0x08000267   Thumb Code     0  startup_stm32f429xx.o(.text)
    RTC_Alarm_IRQHandler                     0x08000267   Thumb Code     0  startup_stm32f429xx.o(.text)
    RTC_WKUP_IRQHandler                      0x08000267   Thumb Code     0  startup_stm32f429xx.o(.text)
    SAI1_IRQHandler                          0x08000267   Thumb Code     0  startup_stm32f429xx.o(.text)
    SDIO_IRQHandler                          0x08000267   Thumb Code     0  startup_stm32f429xx.o(.text)
    SPI1_IRQHandler                          0x08000267   Thumb Code     0  startup_stm32f429xx.o(.text)
    SPI2_IRQHandler                          0x08000267   Thumb Code     0  startup_stm32f429xx.o(.text)
    SPI3_IRQHandler                          0x08000267   Thumb Code     0  startup_stm32f429xx.o(.text)
    SPI4_IRQHandler                          0x08000267   Thumb Code     0  startup_stm32f429xx.o(.text)
    SPI5_IRQHandler                          0x08000267   Thumb Code     0  startup_stm32f429xx.o(.text)
    SPI6_IRQHandler                          0x08000267   Thumb Code     0  startup_stm32f429xx.o(.text)
    TAMP_STAMP_IRQHandler                    0x08000267   Thumb Code     0  startup_stm32f429xx.o(.text)
    TIM1_BRK_TIM9_IRQHandler                 0x08000267   Thumb Code     0  startup_stm32f429xx.o(.text)
    TIM1_CC_IRQHandler                       0x08000267   Thumb Code     0  startup_stm32f429xx.o(.text)
    TIM1_TRG_COM_TIM11_IRQHandler            0x08000267   Thumb Code     0  startup_stm32f429xx.o(.text)
    TIM1_UP_TIM10_IRQHandler                 0x08000267   Thumb Code     0  startup_stm32f429xx.o(.text)
    TIM2_IRQHandler                          0x08000267   Thumb Code     0  startup_stm32f429xx.o(.text)
    TIM3_IRQHandler                          0x08000267   Thumb Code     0  startup_stm32f429xx.o(.text)
    TIM4_IRQHandler                          0x08000267   Thumb Code     0  startup_stm32f429xx.o(.text)
    TIM5_IRQHandler                          0x08000267   Thumb Code     0  startup_stm32f429xx.o(.text)
    TIM6_DAC_IRQHandler                      0x08000267   Thumb Code     0  startup_stm32f429xx.o(.text)
    TIM7_IRQHandler                          0x08000267   Thumb Code     0  startup_stm32f429xx.o(.text)
    TIM8_BRK_TIM12_IRQHandler                0x08000267   Thumb Code     0  startup_stm32f429xx.o(.text)
    TIM8_CC_IRQHandler                       0x08000267   Thumb Code     0  startup_stm32f429xx.o(.text)
    TIM8_TRG_COM_TIM14_IRQHandler            0x08000267   Thumb Code     0  startup_stm32f429xx.o(.text)
    TIM8_UP_TIM13_IRQHandler                 0x08000267   Thumb Code     0  startup_stm32f429xx.o(.text)
    UART4_IRQHandler                         0x08000267   Thumb Code     0  startup_stm32f429xx.o(.text)
    UART5_IRQHandler                         0x08000267   Thumb Code     0  startup_stm32f429xx.o(.text)
    UART7_IRQHandler                         0x08000267   Thumb Code     0  startup_stm32f429xx.o(.text)
    UART8_IRQHandler                         0x08000267   Thumb Code     0  startup_stm32f429xx.o(.text)
    USART1_IRQHandler                        0x08000267   Thumb Code     0  startup_stm32f429xx.o(.text)
    USART2_IRQHandler                        0x08000267   Thumb Code     0  startup_stm32f429xx.o(.text)
    USART3_IRQHandler                        0x08000267   Thumb Code     0  startup_stm32f429xx.o(.text)
    USART6_IRQHandler                        0x08000267   Thumb Code     0  startup_stm32f429xx.o(.text)
    WWDG_IRQHandler                          0x08000267   Thumb Code     0  startup_stm32f429xx.o(.text)
    __user_initial_stackheap                 0x08000269   Thumb Code     0  startup_stm32f429xx.o(.text)
    __aeabi_memcpy4                          0x0800028d   Thumb Code     0  rt_memcpy_w.o(.text)
    __aeabi_memcpy8                          0x0800028d   Thumb Code     0  rt_memcpy_w.o(.text)
    __rt_memcpy_w                            0x0800028d   Thumb Code   100  rt_memcpy_w.o(.text)
    _memcpy_lastbytes_aligned                0x080002d5   Thumb Code     0  rt_memcpy_w.o(.text)
    __use_two_region_memory                  0x080002f1   Thumb Code     2  heapauxi.o(.text)
    __rt_heap_escrow$2region                 0x080002f3   Thumb Code     2  heapauxi.o(.text)
    __rt_heap_expand$2region                 0x080002f5   Thumb Code     2  heapauxi.o(.text)
    __user_setup_stackheap                   0x080002f7   Thumb Code    74  sys_stackheap_outer.o(.text)
    exit                                     0x08000341   Thumb Code    12  exit.o(.text)
    __user_libspace                          0x0800034d   Thumb Code     8  libspace.o(.text)
    __user_perproc_libspace                  0x0800034d   Thumb Code     0  libspace.o(.text)
    __user_perthread_libspace                0x0800034d   Thumb Code     0  libspace.o(.text)
    _sys_exit                                0x08000355   Thumb Code     8  sys_exit.o(.text)
    __I$use$semihosting                      0x08000361   Thumb Code     0  use_no_semi.o(.text)
    __use_no_semihosting_swi                 0x08000361   Thumb Code     2  use_no_semi.o(.text)
    __semihosting_library_function           0x08000363   Thumb Code     0  indicate_semi.o(.text)
    BSP_LCD_Clear                            0x08000365   Thumb Code    56  stm32f429i_discovery_lcd.o(i.BSP_LCD_Clear)
    BSP_LCD_DisplayChar                      0x080003a5   Thumb Code    96  stm32f429i_discovery_lcd.o(i.BSP_LCD_DisplayChar)
    BSP_LCD_DisplayOn                        0x0800040d   Thumb Code    20  stm32f429i_discovery_lcd.o(i.BSP_LCD_DisplayOn)
    BSP_LCD_DisplayStringAt                  0x08000425   Thumb Code   272  stm32f429i_discovery_lcd.o(i.BSP_LCD_DisplayStringAt)
    BSP_LCD_DrawPixel                        0x0800053d   Thumb Code    42  stm32f429i_discovery_lcd.o(i.BSP_LCD_DrawPixel)
    BSP_LCD_GetXSize                         0x08000571   Thumb Code    12  stm32f429i_discovery_lcd.o(i.BSP_LCD_GetXSize)
    BSP_LCD_GetYSize                         0x08000581   Thumb Code    12  stm32f429i_discovery_lcd.o(i.BSP_LCD_GetYSize)
    BSP_LCD_Init                             0x08000591   Thumb Code   144  stm32f429i_discovery_lcd.o(i.BSP_LCD_Init)
    BSP_LCD_LayerDefaultInit                 0x08000639   Thumb Code   138  stm32f429i_discovery_lcd.o(i.BSP_LCD_LayerDefaultInit)
    BSP_LCD_MspInit                          0x080006d1   Thumb Code   384  stm32f429i_discovery_lcd.o(i.BSP_LCD_MspInit)
    BSP_LCD_SelectLayer                      0x0800086d   Thumb Code     6  stm32f429i_discovery_lcd.o(i.BSP_LCD_SelectLayer)
    BSP_LCD_SetColorKeying                   0x08000879   Thumb Code    26  stm32f429i_discovery_lcd.o(i.BSP_LCD_SetColorKeying)
    BSP_LCD_SetFont                          0x08000899   Thumb Code    18  stm32f429i_discovery_lcd.o(i.BSP_LCD_SetFont)
    BSP_LCD_SetLayerVisible                  0x080008b5   Thumb Code    74  stm32f429i_discovery_lcd.o(i.BSP_LCD_SetLayerVisible)
    BSP_SDRAM_Init                           0x08000905   Thumb Code   128  stm32f429i_discovery_sdram.o(i.BSP_SDRAM_Init)
    BSP_SDRAM_Initialization_sequence        0x08000995   Thumb Code   142  stm32f429i_discovery_sdram.o(i.BSP_SDRAM_Initialization_sequence)
    BSP_SDRAM_MspInit                        0x08000a2d   Thumb Code   456  stm32f429i_discovery_sdram.o(i.BSP_SDRAM_MspInit)
    BusFault_Handler                         0x08000c19   Thumb Code     4  stm32f4xx_it.o(i.BusFault_Handler)
    DebugMon_Handler                         0x08000e03   Thumb Code     2  stm32f4xx_it.o(i.DebugMon_Handler)
    FMC_SDRAM_Init                           0x08000f0d   Thumb Code   116  stm32f4xx_ll_fmc.o(i.FMC_SDRAM_Init)
    FMC_SDRAM_ProgramRefreshRate             0x08000f81   Thumb Code    14  stm32f4xx_ll_fmc.o(i.FMC_SDRAM_ProgramRefreshRate)
    FMC_SDRAM_SendCommand                    0x08000f8f   Thumb Code    82  stm32f4xx_ll_fmc.o(i.FMC_SDRAM_SendCommand)
    FMC_SDRAM_Timing_Init                    0x08000fe1   Thumb Code   152  stm32f4xx_ll_fmc.o(i.FMC_SDRAM_Timing_Init)
    HAL_DMA2D_ConfigLayer                    0x080010dd   Thumb Code   250  stm32f4xx_hal_dma2d.o(i.HAL_DMA2D_ConfigLayer)
    HAL_DMA2D_Init                           0x080011dd   Thumb Code    96  stm32f4xx_hal_dma2d.o(i.HAL_DMA2D_Init)
    HAL_DMA2D_MspInit                        0x0800123d   Thumb Code     2  stm32f4xx_hal_dma2d.o(i.HAL_DMA2D_MspInit)
    HAL_DMA2D_PollForTransfer                0x0800123f   Thumb Code   360  stm32f4xx_hal_dma2d.o(i.HAL_DMA2D_PollForTransfer)
    HAL_DMA2D_Start                          0x080013a7   Thumb Code    78  stm32f4xx_hal_dma2d.o(i.HAL_DMA2D_Start)
    HAL_DMA_DeInit                           0x080013f5   Thumb Code    98  stm32f4xx_hal_dma.o(i.HAL_DMA_DeInit)
    HAL_DMA_Init                             0x08001459   Thumb Code   232  stm32f4xx_hal_dma.o(i.HAL_DMA_Init)
    HAL_Delay                                0x08001545   Thumb Code    30  stm32f4xx_hal.o(i.HAL_Delay)
    HAL_GPIO_Init                            0x08001565   Thumb Code   486  stm32f4xx_hal_gpio.o(i.HAL_GPIO_Init)
    HAL_GPIO_TogglePin                       0x08001781   Thumb Code     8  stm32f4xx_hal_gpio.o(i.HAL_GPIO_TogglePin)
    HAL_GPIO_WritePin                        0x08001789   Thumb Code    12  stm32f4xx_hal_gpio.o(i.HAL_GPIO_WritePin)
    HAL_GetTick                              0x08001795   Thumb Code     6  stm32f4xx_hal.o(i.HAL_GetTick)
    HAL_IncTick                              0x080017a1   Thumb Code    12  stm32f4xx_hal.o(i.HAL_IncTick)
    HAL_Init                                 0x080017b1   Thumb Code    54  stm32f4xx_hal.o(i.HAL_Init)
    HAL_InitTick                             0x080017ed   Thumb Code    36  stm32f4xx_hal.o(i.HAL_InitTick)
    HAL_LTDC_ConfigColorKeying               0x08001815   Thumb Code    96  stm32f4xx_hal_ltdc.o(i.HAL_LTDC_ConfigColorKeying)
    HAL_LTDC_ConfigLayer                     0x08001875   Thumb Code    94  stm32f4xx_hal_ltdc.o(i.HAL_LTDC_ConfigLayer)
    HAL_LTDC_EnableColorKeying               0x080018d3   Thumb Code    76  stm32f4xx_hal_ltdc.o(i.HAL_LTDC_EnableColorKeying)
    HAL_LTDC_EnableDither                    0x08001921   Thumb Code    62  stm32f4xx_hal_ltdc.o(i.HAL_LTDC_EnableDither)
    HAL_LTDC_Init                            0x08001965   Thumb Code   278  stm32f4xx_hal_ltdc.o(i.HAL_LTDC_Init)
    HAL_LTDC_MspInit                         0x08001a81   Thumb Code   372  stm32f4xx_hal_msp.o(i.HAL_LTDC_MspInit)
    HAL_MspInit                              0x08001c11   Thumb Code    86  stm32f4xx_hal_msp.o(i.HAL_MspInit)
    HAL_NVIC_EnableIRQ                       0x08001c67   Thumb Code    26  stm32f4xx_hal_cortex.o(i.HAL_NVIC_EnableIRQ)
    HAL_NVIC_SetPriority                     0x08001c81   Thumb Code   124  stm32f4xx_hal_cortex.o(i.HAL_NVIC_SetPriority)
    HAL_NVIC_SetPriorityGrouping             0x08001cfd   Thumb Code    32  stm32f4xx_hal_cortex.o(i.HAL_NVIC_SetPriorityGrouping)
    HAL_PWREx_EnableOverDrive                0x08001d25   Thumb Code   152  stm32f4xx_hal_pwr_ex.o(i.HAL_PWREx_EnableOverDrive)
    HAL_RCCEx_PeriphCLKConfig                0x08001dc9   Thumb Code   856  stm32f4xx_hal_rcc_ex.o(i.HAL_RCCEx_PeriphCLKConfig)
    HAL_RCC_ClockConfig                      0x08002139   Thumb Code   446  stm32f4xx_hal_rcc.o(i.HAL_RCC_ClockConfig)
    HAL_RCC_GetHCLKFreq                      0x08002309   Thumb Code     6  stm32f4xx_hal_rcc.o(i.HAL_RCC_GetHCLKFreq)
    HAL_RCC_GetSysClockFreq                  0x08002315   Thumb Code   168  stm32f4xx_hal_rcc.o(i.HAL_RCC_GetSysClockFreq)
    HAL_RCC_OscConfig                        0x080023c9   Thumb Code  1090  stm32f4xx_hal_rcc.o(i.HAL_RCC_OscConfig)
    HAL_SDRAM_Init                           0x08002815   Thumb Code    64  stm32f4xx_hal_sdram.o(i.HAL_SDRAM_Init)
    HAL_SDRAM_MspInit                        0x08002855   Thumb Code     2  stm32f4xx_hal_sdram.o(i.HAL_SDRAM_MspInit)
    HAL_SDRAM_ProgramRefreshRate             0x08002857   Thumb Code    40  stm32f4xx_hal_sdram.o(i.HAL_SDRAM_ProgramRefreshRate)
    HAL_SDRAM_SendCommand                    0x0800287f   Thumb Code    58  stm32f4xx_hal_sdram.o(i.HAL_SDRAM_SendCommand)
    HAL_SPI_DeInit                           0x080028b9   Thumb Code    54  stm32f4xx_hal_spi.o(i.HAL_SPI_DeInit)
    HAL_SPI_GetState                         0x080028ef   Thumb Code     8  stm32f4xx_hal_spi.o(i.HAL_SPI_GetState)
    HAL_SPI_Init                             0x080028f7   Thumb Code   140  stm32f4xx_hal_spi.o(i.HAL_SPI_Init)
    HAL_SPI_MspDeInit                        0x08002983   Thumb Code     2  stm32f4xx_hal_spi.o(i.HAL_SPI_MspDeInit)
    HAL_SPI_MspInit                          0x08002985   Thumb Code     2  stm32f4xx_hal_spi.o(i.HAL_SPI_MspInit)
    HAL_SPI_Receive                          0x08002987   Thumb Code   364  stm32f4xx_hal_spi.o(i.HAL_SPI_Receive)
    HAL_SPI_Transmit                         0x08002af3   Thumb Code   422  stm32f4xx_hal_spi.o(i.HAL_SPI_Transmit)
    HAL_SPI_TransmitReceive                  0x08002c99   Thumb Code   542  stm32f4xx_hal_spi.o(i.HAL_SPI_TransmitReceive)
    HAL_SYSTICK_CLKSourceConfig              0x08002eb7   Thumb Code    40  stm32f4xx_hal_cortex.o(i.HAL_SYSTICK_CLKSourceConfig)
    HAL_SYSTICK_Callback                     0x08002edf   Thumb Code     2  stm32f4xx_hal_cortex.o(i.HAL_SYSTICK_Callback)
    HAL_SYSTICK_Config                       0x08002ee1   Thumb Code    52  stm32f4xx_hal_cortex.o(i.HAL_SYSTICK_Config)
    HAL_SYSTICK_IRQHandler                   0x08002f15   Thumb Code     8  stm32f4xx_hal_cortex.o(i.HAL_SYSTICK_IRQHandler)
    HardFault_Handler                        0x08002f1d   Thumb Code     4  stm32f4xx_it.o(i.HardFault_Handler)
    IIC_Start                                0x08002f21   Thumb Code    46  myiic.o(i.IIC_Start)
    IIC_Stop                                 0x08002f55   Thumb Code    46  myiic.o(i.IIC_Stop)
    LCD_Delay                                0x08002f89   Thumb Code    12  stm32f429i_discovery.o(i.LCD_Delay)
    LCD_IO_Init                              0x08002f95   Thumb Code   216  stm32f429i_discovery.o(i.LCD_IO_Init)
    LCD_IO_ReadData                          0x0800307d   Thumb Code    68  stm32f429i_discovery.o(i.LCD_IO_ReadData)
    LCD_IO_WriteData                         0x080030c9   Thumb Code    42  stm32f429i_discovery.o(i.LCD_IO_WriteData)
    LCD_IO_WriteReg                          0x080030fd   Thumb Code    44  stm32f429i_discovery.o(i.LCD_IO_WriteReg)
    MX_GPIO_Init                             0x08003345   Thumb Code   162  gpio.o(i.MX_GPIO_Init)
    MemManage_Handler                        0x080033f5   Thumb Code     4  stm32f4xx_it.o(i.MemManage_Handler)
    NMI_Handler                              0x080033f9   Thumb Code     2  stm32f4xx_it.o(i.NMI_Handler)
    OLED_Fill                                0x08003435   Thumb Code    58  oled.o(i.OLED_Fill)
    OLED_Init                                0x0800346f   Thumb Code   194  oled.o(i.OLED_Init)
    OLED_Refresh_Gram                        0x08003531   Thumb Code    62  oled.o(i.OLED_Refresh_Gram)
    OLED_Set_Pos                             0x08003575   Thumb Code    40  oled.o(i.OLED_Set_Pos)
    OLED_Test                                0x0800359d   Thumb Code    48  oled.o(i.OLED_Test)
    OLED_WrCmd                               0x080035d1   Thumb Code    32  oled.o(i.OLED_WrCmd)
    OLED_WrDat                               0x080035f1   Thumb Code    32  oled.o(i.OLED_WrDat)
    PendSV_Handler                           0x08003611   Thumb Code     2  stm32f4xx_it.o(i.PendSV_Handler)
    SVC_Handler                              0x0800380d   Thumb Code     2  stm32f4xx_it.o(i.SVC_Handler)
    SysTick_Handler                          0x0800380f   Thumb Code    12  stm32f4xx_it.o(i.SysTick_Handler)
    SystemClock_Config                       0x0800381d   Thumb Code   212  main.o(i.SystemClock_Config)
    SystemInit                               0x0800390d   Thumb Code    82  system_stm32f4xx.o(i.SystemInit)
    UsageFault_Handler                       0x08003971   Thumb Code     4  stm32f4xx_it.o(i.UsageFault_Handler)
    Write_IIC_Byte                           0x08003975   Thumb Code   102  myiic.o(i.Write_IIC_Byte)
    _Error_Handler                           0x080039e1   Thumb Code     4  main.o(i._Error_Handler)
    delay                                    0x080039e5   Thumb Code    22  myiic.o(i.delay)
    ili9341_DisplayOff                       0x080039fb   Thumb Code    10  ili9341.o(i.ili9341_DisplayOff)
    ili9341_DisplayOn                        0x08003a05   Thumb Code    10  ili9341.o(i.ili9341_DisplayOn)
    ili9341_GetLcdPixelHeight                0x08003a0f   Thumb Code     6  ili9341.o(i.ili9341_GetLcdPixelHeight)
    ili9341_GetLcdPixelWidth                 0x08003a15   Thumb Code     4  ili9341.o(i.ili9341_GetLcdPixelWidth)
    ili9341_Init                             0x08003a19   Thumb Code   656  ili9341.o(i.ili9341_Init)
    ili9341_ReadData                         0x08003ca9   Thumb Code    16  ili9341.o(i.ili9341_ReadData)
    ili9341_ReadID                           0x08003cb9   Thumb Code    18  ili9341.o(i.ili9341_ReadID)
    ili9341_WriteData                        0x08003ccb   Thumb Code    12  ili9341.o(i.ili9341_WriteData)
    ili9341_WriteReg                         0x08003cd7   Thumb Code    12  ili9341.o(i.ili9341_WriteReg)
    main                                     0x08003ce5   Thumb Code   144  main.o(i.main)
    _fp_init                                 0x08003d91   Thumb Code    10  fpinit.o(x$fpl$fpinit)
    __fplib_config_fpu_vfp                   0x08003d99   Thumb Code     0  fpinit.o(x$fpl$fpinit)
    __fplib_config_pureend_doubles           0x08003d99   Thumb Code     0  fpinit.o(x$fpl$fpinit)
    AHBPrescTable                            0x08003da2   Data          16  system_stm32f4xx.o(.constdata)
    APBPrescTable                            0x08003db2   Data           8  system_stm32f4xx.o(.constdata)
    Font24_Table                             0x08003dba   Data        6840  stm32f429i_discovery_lcd.o(.constdata)
    Font20_Table                             0x08005872   Data        3800  stm32f429i_discovery_lcd.o(.constdata)
    Font16_Table                             0x0800674a   Data        3040  stm32f429i_discovery_lcd.o(.constdata)
    Font12_Table                             0x0800732a   Data        1140  stm32f429i_discovery_lcd.o(.constdata)
    Font8_Table                              0x0800779e   Data         760  stm32f429i_discovery_lcd.o(.constdata)
    Region$$Table$$Base                      0x08007a98   Number         0  anon$$obj.o(Region$$Table)
    Region$$Table$$Limit                     0x08007ab8   Number         0  anon$$obj.o(Region$$Table)
    uwTick                                   0x20000000   Data           4  stm32f4xx_hal.o(.data)
    SystemCoreClock                          0x20000004   Data           4  system_stm32f4xx.o(.data)
    ili9341_drv                              0x20000008   Data          56  ili9341.o(.data)
    GPIO_PORT                                0x20000040   Data           8  stm32f429i_discovery.o(.data)
    BUTTON_PORT                              0x20000048   Data           4  stm32f429i_discovery.o(.data)
    I2cxTimeout                              0x2000004c   Data           4  stm32f429i_discovery.o(.data)
    SpixTimeout                              0x20000050   Data           4  stm32f429i_discovery.o(.data)
    Font24                                   0x20000058   Data           8  stm32f429i_discovery_lcd.o(.data)
    Font20                                   0x20000060   Data           8  stm32f429i_discovery_lcd.o(.data)
    Font16                                   0x20000068   Data           8  stm32f429i_discovery_lcd.o(.data)
    Font12                                   0x20000070   Data           8  stm32f429i_discovery_lcd.o(.data)
    Font8                                    0x20000078   Data           8  stm32f429i_discovery_lcd.o(.data)
    LcdDrv                                   0x20000084   Data           4  stm32f429i_discovery_lcd.o(.data)
    OLED_GRAM                                0x2000008c   Data        1024  oled.o(.bss)
    I2cHandle                                0x2000048c   Data          84  stm32f429i_discovery.o(.bss)
    LtdcHandler                              0x20000538   Data         168  stm32f429i_discovery_lcd.o(.bss)
    __libspace_start                         0x20000788   Data          96  libspace.o(.bss)
    __temporary_stack_top$libspace           0x200007e8   Data           0  libspace.o(.bss)



==============================================================================

Memory Map of the image

  Image Entry point : 0x080001ad

  Load Region LR_IROM1 (Base: 0x08000000, Size: 0x00007b44, Max: 0x00200000, ABSOLUTE)

    Execution Region ER_IROM1 (Base: 0x08000000, Size: 0x00007ab8, Max: 0x00200000, ABSOLUTE)

    Base Addr    Size         Type   Attr      Idx    E Section Name        Object

    0x08000000   0x000001ac   Data   RO         3856    RESET               startup_stm32f429xx.o
    0x080001ac   0x00000008   Code   RO         4973  * !!!main             c_w.l(__main.o)
    0x080001b4   0x00000034   Code   RO         5129    !!!scatter          c_w.l(__scatter.o)
    0x080001e8   0x0000001a   Code   RO         5131    !!handler_copy      c_w.l(__scatter_copy.o)
    0x08000202   0x00000002   PAD
    0x08000204   0x0000001c   Code   RO         5133    !!handler_zi        c_w.l(__scatter_zi.o)
    0x08000220   0x00000002   Code   RO         5000    .ARM.Collect$$libinit$$00000000  c_w.l(libinit.o)
    0x08000222   0x00000004   Code   RO         5006    .ARM.Collect$$libinit$$00000001  c_w.l(libinit2.o)
    0x08000226   0x00000000   Code   RO         5009    .ARM.Collect$$libinit$$00000004  c_w.l(libinit2.o)
    0x08000226   0x00000000   Code   RO         5012    .ARM.Collect$$libinit$$0000000A  c_w.l(libinit2.o)
    0x08000226   0x00000000   Code   RO         5014    .ARM.Collect$$libinit$$0000000C  c_w.l(libinit2.o)
    0x08000226   0x00000000   Code   RO         5016    .ARM.Collect$$libinit$$0000000E  c_w.l(libinit2.o)
    0x08000226   0x00000000   Code   RO         5019    .ARM.Collect$$libinit$$00000011  c_w.l(libinit2.o)
    0x08000226   0x00000000   Code   RO         5021    .ARM.Collect$$libinit$$00000013  c_w.l(libinit2.o)
    0x08000226   0x00000000   Code   RO         5023    .ARM.Collect$$libinit$$00000015  c_w.l(libinit2.o)
    0x08000226   0x00000000   Code   RO         5025    .ARM.Collect$$libinit$$00000017  c_w.l(libinit2.o)
    0x08000226   0x00000000   Code   RO         5027    .ARM.Collect$$libinit$$00000019  c_w.l(libinit2.o)
    0x08000226   0x00000000   Code   RO         5029    .ARM.Collect$$libinit$$0000001B  c_w.l(libinit2.o)
    0x08000226   0x00000000   Code   RO         5031    .ARM.Collect$$libinit$$0000001D  c_w.l(libinit2.o)
    0x08000226   0x00000000   Code   RO         5033    .ARM.Collect$$libinit$$0000001F  c_w.l(libinit2.o)
    0x08000226   0x00000000   Code   RO         5035    .ARM.Collect$$libinit$$00000021  c_w.l(libinit2.o)
    0x08000226   0x00000000   Code   RO         5037    .ARM.Collect$$libinit$$00000023  c_w.l(libinit2.o)
    0x08000226   0x00000000   Code   RO         5039    .ARM.Collect$$libinit$$00000025  c_w.l(libinit2.o)
    0x08000226   0x00000000   Code   RO         5043    .ARM.Collect$$libinit$$0000002C  c_w.l(libinit2.o)
    0x08000226   0x00000000   Code   RO         5045    .ARM.Collect$$libinit$$0000002E  c_w.l(libinit2.o)
    0x08000226   0x00000000   Code   RO         5047    .ARM.Collect$$libinit$$00000030  c_w.l(libinit2.o)
    0x08000226   0x00000000   Code   RO         5049    .ARM.Collect$$libinit$$00000032  c_w.l(libinit2.o)
    0x08000226   0x00000002   Code   RO         5050    .ARM.Collect$$libinit$$00000033  c_w.l(libinit2.o)
    0x08000228   0x00000002   Code   RO         5070    .ARM.Collect$$libshutdown$$00000000  c_w.l(libshutdown.o)
    0x0800022a   0x00000000   Code   RO         5084    .ARM.Collect$$libshutdown$$00000003  c_w.l(libshutdown2.o)
    0x0800022a   0x00000000   Code   RO         5087    .ARM.Collect$$libshutdown$$00000006  c_w.l(libshutdown2.o)
    0x0800022a   0x00000000   Code   RO         5090    .ARM.Collect$$libshutdown$$00000009  c_w.l(libshutdown2.o)
    0x0800022a   0x00000000   Code   RO         5092    .ARM.Collect$$libshutdown$$0000000B  c_w.l(libshutdown2.o)
    0x0800022a   0x00000000   Code   RO         5095    .ARM.Collect$$libshutdown$$0000000E  c_w.l(libshutdown2.o)
    0x0800022a   0x00000002   Code   RO         5096    .ARM.Collect$$libshutdown$$0000000F  c_w.l(libshutdown2.o)
    0x0800022c   0x00000000   Code   RO         4975    .ARM.Collect$$rtentry$$00000000  c_w.l(__rtentry.o)
    0x0800022c   0x00000000   Code   RO         4977    .ARM.Collect$$rtentry$$00000002  c_w.l(__rtentry2.o)
    0x0800022c   0x00000006   Code   RO         4989    .ARM.Collect$$rtentry$$00000004  c_w.l(__rtentry4.o)
    0x08000232   0x00000000   Code   RO         4979    .ARM.Collect$$rtentry$$00000009  c_w.l(__rtentry2.o)
    0x08000232   0x00000004   Code   RO         4980    .ARM.Collect$$rtentry$$0000000A  c_w.l(__rtentry2.o)
    0x08000236   0x00000000   Code   RO         4982    .ARM.Collect$$rtentry$$0000000C  c_w.l(__rtentry2.o)
    0x08000236   0x00000008   Code   RO         4983    .ARM.Collect$$rtentry$$0000000D  c_w.l(__rtentry2.o)
    0x0800023e   0x00000002   Code   RO         5004    .ARM.Collect$$rtexit$$00000000  c_w.l(rtexit.o)
    0x08000240   0x00000000   Code   RO         5052    .ARM.Collect$$rtexit$$00000002  c_w.l(rtexit2.o)
    0x08000240   0x00000004   Code   RO         5053    .ARM.Collect$$rtexit$$00000003  c_w.l(rtexit2.o)
    0x08000244   0x00000006   Code   RO         5054    .ARM.Collect$$rtexit$$00000004  c_w.l(rtexit2.o)
    0x0800024a   0x00000002   PAD
    0x0800024c   0x00000040   Code   RO         3857    .text               startup_stm32f429xx.o
    0x0800028c   0x00000064   Code   RO         4969    .text               c_w.l(rt_memcpy_w.o)
    0x080002f0   0x00000006   Code   RO         4971    .text               c_w.l(heapauxi.o)
    0x080002f6   0x0000004a   Code   RO         4991    .text               c_w.l(sys_stackheap_outer.o)
    0x08000340   0x0000000c   Code   RO         4993    .text               c_w.l(exit.o)
    0x0800034c   0x00000008   Code   RO         5001    .text               c_w.l(libspace.o)
    0x08000354   0x0000000c   Code   RO         5062    .text               c_w.l(sys_exit.o)
    0x08000360   0x00000002   Code   RO         5073    .text               c_w.l(use_no_semi.o)
    0x08000362   0x00000000   Code   RO         5075    .text               c_w.l(indicate_semi.o)
    0x08000362   0x00000002   PAD
    0x08000364   0x00000040   Code   RO         4548    i.BSP_LCD_Clear     stm32f429i_discovery_lcd.o
    0x080003a4   0x00000068   Code   RO         4550    i.BSP_LCD_DisplayChar  stm32f429i_discovery_lcd.o
    0x0800040c   0x00000018   Code   RO         4552    i.BSP_LCD_DisplayOn  stm32f429i_discovery_lcd.o
    0x08000424   0x00000118   Code   RO         4553    i.BSP_LCD_DisplayStringAt  stm32f429i_discovery_lcd.o
    0x0800053c   0x00000034   Code   RO         4560    i.BSP_LCD_DrawPixel  stm32f429i_discovery_lcd.o
    0x08000570   0x00000010   Code   RO         4572    i.BSP_LCD_GetXSize  stm32f429i_discovery_lcd.o
    0x08000580   0x00000010   Code   RO         4573    i.BSP_LCD_GetYSize  stm32f429i_discovery_lcd.o
    0x08000590   0x000000a8   Code   RO         4574    i.BSP_LCD_Init      stm32f429i_discovery_lcd.o
    0x08000638   0x00000098   Code   RO         4575    i.BSP_LCD_LayerDefaultInit  stm32f429i_discovery_lcd.o
    0x080006d0   0x0000019c   Code   RO         4576    i.BSP_LCD_MspInit   stm32f429i_discovery_lcd.o
    0x0800086c   0x0000000c   Code   RO         4581    i.BSP_LCD_SelectLayer  stm32f429i_discovery_lcd.o
    0x08000878   0x00000020   Code   RO         4583    i.BSP_LCD_SetColorKeying  stm32f429i_discovery_lcd.o
    0x08000898   0x0000001c   Code   RO         4585    i.BSP_LCD_SetFont   stm32f429i_discovery_lcd.o
    0x080008b4   0x00000050   Code   RO         4588    i.BSP_LCD_SetLayerVisible  stm32f429i_discovery_lcd.o
    0x08000904   0x00000090   Code   RO         4890    i.BSP_SDRAM_Init    stm32f429i_discovery_sdram.o
    0x08000994   0x00000098   Code   RO         4891    i.BSP_SDRAM_Initialization_sequence  stm32f429i_discovery_sdram.o
    0x08000a2c   0x000001ec   Code   RO         4893    i.BSP_SDRAM_MspInit  stm32f429i_discovery_sdram.o
    0x08000c18   0x00000004   Code   RO         3995    i.BusFault_Handler  stm32f4xx_it.o
    0x08000c1c   0x00000108   Code   RO          783    i.DMA2D_SetConfig   stm32f4xx_hal_dma2d.o
    0x08000d24   0x00000034   Code   RO          636    i.DMA_CalcBaseAndBitshift  stm32f4xx_hal_dma.o
    0x08000d58   0x000000aa   Code   RO          637    i.DMA_CheckFifoParam  stm32f4xx_hal_dma.o
    0x08000e02   0x00000002   Code   RO         3996    i.DebugMon_Handler  stm32f4xx_it.o
    0x08000e04   0x00000108   Code   RO         4596    i.DrawChar          stm32f429i_discovery_lcd.o
    0x08000f0c   0x00000074   Code   RO         3511    i.FMC_SDRAM_Init    stm32f4xx_ll_fmc.o
    0x08000f80   0x0000000e   Code   RO         3512    i.FMC_SDRAM_ProgramRefreshRate  stm32f4xx_ll_fmc.o
    0x08000f8e   0x00000052   Code   RO         3513    i.FMC_SDRAM_SendCommand  stm32f4xx_ll_fmc.o
    0x08000fe0   0x0000009c   Code   RO         3515    i.FMC_SDRAM_Timing_Init  stm32f4xx_ll_fmc.o
    0x0800107c   0x00000060   Code   RO         4597    i.FillBuffer        stm32f429i_discovery_lcd.o
    0x080010dc   0x00000100   Code   RO          795    i.HAL_DMA2D_ConfigLayer  stm32f4xx_hal_dma2d.o
    0x080011dc   0x00000060   Code   RO          803    i.HAL_DMA2D_Init    stm32f4xx_hal_dma2d.o
    0x0800123c   0x00000002   Code   RO          806    i.HAL_DMA2D_MspInit  stm32f4xx_hal_dma2d.o
    0x0800123e   0x00000168   Code   RO          807    i.HAL_DMA2D_PollForTransfer  stm32f4xx_hal_dma2d.o
    0x080013a6   0x0000004e   Code   RO          810    i.HAL_DMA2D_Start   stm32f4xx_hal_dma2d.o
    0x080013f4   0x00000062   Code   RO          641    i.HAL_DMA_DeInit    stm32f4xx_hal_dma.o
    0x08001456   0x00000002   PAD
    0x08001458   0x000000ec   Code   RO          645    i.HAL_DMA_Init      stm32f4xx_hal_dma.o
    0x08001544   0x0000001e   Code   RO           11    i.HAL_Delay         stm32f4xx_hal.o
    0x08001562   0x00000002   PAD
    0x08001564   0x0000021c   Code   RO         1341    i.HAL_GPIO_Init     stm32f4xx_hal_gpio.o
    0x08001780   0x00000008   Code   RO         1344    i.HAL_GPIO_TogglePin  stm32f4xx_hal_gpio.o
    0x08001788   0x0000000c   Code   RO         1345    i.HAL_GPIO_WritePin  stm32f4xx_hal_gpio.o
    0x08001794   0x0000000c   Code   RO           19    i.HAL_GetTick       stm32f4xx_hal.o
    0x080017a0   0x00000010   Code   RO           21    i.HAL_IncTick       stm32f4xx_hal.o
    0x080017b0   0x0000003c   Code   RO           22    i.HAL_Init          stm32f4xx_hal.o
    0x080017ec   0x00000028   Code   RO           23    i.HAL_InitTick      stm32f4xx_hal.o
    0x08001814   0x00000060   Code   RO         2012    i.HAL_LTDC_ConfigColorKeying  stm32f4xx_hal_ltdc.o
    0x08001874   0x0000005e   Code   RO         2014    i.HAL_LTDC_ConfigLayer  stm32f4xx_hal_ltdc.o
    0x080018d2   0x0000004c   Code   RO         2024    i.HAL_LTDC_EnableColorKeying  stm32f4xx_hal_ltdc.o
    0x0800191e   0x00000002   PAD
    0x08001920   0x00000044   Code   RO         2026    i.HAL_LTDC_EnableDither  stm32f4xx_hal_ltdc.o
    0x08001964   0x0000011c   Code   RO         2031    i.HAL_LTDC_Init     stm32f4xx_hal_ltdc.o
    0x08001a80   0x00000190   Code   RO         3960    i.HAL_LTDC_MspInit  stm32f4xx_hal_msp.o
    0x08001c10   0x00000056   Code   RO         3961    i.HAL_MspInit       stm32f4xx_hal_msp.o
    0x08001c66   0x0000001a   Code   RO          357    i.HAL_NVIC_EnableIRQ  stm32f4xx_hal_cortex.o
    0x08001c80   0x0000007c   Code   RO          363    i.HAL_NVIC_SetPriority  stm32f4xx_hal_cortex.o
    0x08001cfc   0x00000028   Code   RO          364    i.HAL_NVIC_SetPriorityGrouping  stm32f4xx_hal_cortex.o
    0x08001d24   0x000000a4   Code   RO         2520    i.HAL_PWREx_EnableOverDrive  stm32f4xx_hal_pwr_ex.o
    0x08001dc8   0x00000370   Code   RO         2708    i.HAL_RCCEx_PeriphCLKConfig  stm32f4xx_hal_rcc_ex.o
    0x08002138   0x000001d0   Code   RO         2605    i.HAL_RCC_ClockConfig  stm32f4xx_hal_rcc.o
    0x08002308   0x0000000c   Code   RO         2610    i.HAL_RCC_GetHCLKFreq  stm32f4xx_hal_rcc.o
    0x08002314   0x000000b4   Code   RO         2614    i.HAL_RCC_GetSysClockFreq  stm32f4xx_hal_rcc.o
    0x080023c8   0x0000044c   Code   RO         2617    i.HAL_RCC_OscConfig  stm32f4xx_hal_rcc.o
    0x08002814   0x00000040   Code   RO         2862    i.HAL_SDRAM_Init    stm32f4xx_hal_sdram.o
    0x08002854   0x00000002   Code   RO         2864    i.HAL_SDRAM_MspInit  stm32f4xx_hal_sdram.o
    0x08002856   0x00000028   Code   RO         2865    i.HAL_SDRAM_ProgramRefreshRate  stm32f4xx_hal_sdram.o
    0x0800287e   0x0000003a   Code   RO         2871    i.HAL_SDRAM_SendCommand  stm32f4xx_hal_sdram.o
    0x080028b8   0x00000036   Code   RO         3054    i.HAL_SPI_DeInit    stm32f4xx_hal_spi.o
    0x080028ee   0x00000008   Code   RO         3057    i.HAL_SPI_GetState  stm32f4xx_hal_spi.o
    0x080028f6   0x0000008c   Code   RO         3059    i.HAL_SPI_Init      stm32f4xx_hal_spi.o
    0x08002982   0x00000002   Code   RO         3060    i.HAL_SPI_MspDeInit  stm32f4xx_hal_spi.o
    0x08002984   0x00000002   Code   RO         3061    i.HAL_SPI_MspInit   stm32f4xx_hal_spi.o
    0x08002986   0x0000016c   Code   RO         3062    i.HAL_SPI_Receive   stm32f4xx_hal_spi.o
    0x08002af2   0x000001a6   Code   RO         3067    i.HAL_SPI_Transmit  stm32f4xx_hal_spi.o
    0x08002c98   0x0000021e   Code   RO         3068    i.HAL_SPI_TransmitReceive  stm32f4xx_hal_spi.o
    0x08002eb6   0x00000028   Code   RO          366    i.HAL_SYSTICK_CLKSourceConfig  stm32f4xx_hal_cortex.o
    0x08002ede   0x00000002   Code   RO          367    i.HAL_SYSTICK_Callback  stm32f4xx_hal_cortex.o
    0x08002ee0   0x00000034   Code   RO          368    i.HAL_SYSTICK_Config  stm32f4xx_hal_cortex.o
    0x08002f14   0x00000008   Code   RO          369    i.HAL_SYSTICK_IRQHandler  stm32f4xx_hal_cortex.o
    0x08002f1c   0x00000004   Code   RO         3997    i.HardFault_Handler  stm32f4xx_it.o
    0x08002f20   0x00000034   Code   RO         4107    i.IIC_Start         myiic.o
    0x08002f54   0x00000034   Code   RO         4108    i.IIC_Stop          myiic.o
    0x08002f88   0x0000000c   Code   RO         4327    i.LCD_Delay         stm32f429i_discovery.o
    0x08002f94   0x000000e8   Code   RO         4328    i.LCD_IO_Init       stm32f429i_discovery.o
    0x0800307c   0x0000004c   Code   RO         4329    i.LCD_IO_ReadData   stm32f429i_discovery.o
    0x080030c8   0x00000034   Code   RO         4330    i.LCD_IO_WriteData  stm32f429i_discovery.o
    0x080030fc   0x00000034   Code   RO         4331    i.LCD_IO_WriteReg   stm32f429i_discovery.o
    0x08003130   0x00000212   Code   RO         2050    i.LTDC_SetConfig    stm32f4xx_hal_ltdc.o
    0x08003342   0x00000002   PAD
    0x08003344   0x000000b0   Code   RO         3864    i.MX_GPIO_Init      gpio.o
    0x080033f4   0x00000004   Code   RO         3998    i.MemManage_Handler  stm32f4xx_it.o
    0x080033f8   0x00000002   Code   RO         3999    i.NMI_Handler       stm32f4xx_it.o
    0x080033fa   0x00000002   PAD
    0x080033fc   0x00000010   Code   RO          370    i.NVIC_GetPriorityGrouping  stm32f4xx_hal_cortex.o
    0x0800340c   0x00000028   Code   RO          371    i.NVIC_SetPriority  stm32f4xx_hal_cortex.o
    0x08003434   0x0000003a   Code   RO         4152    i.OLED_Fill         oled.o
    0x0800346e   0x000000c2   Code   RO         4154    i.OLED_Init         oled.o
    0x08003530   0x00000044   Code   RO         4155    i.OLED_Refresh_Gram  oled.o
    0x08003574   0x00000028   Code   RO         4156    i.OLED_Set_Pos      oled.o
    0x0800359c   0x00000034   Code   RO         4157    i.OLED_Test         oled.o
    0x080035d0   0x00000020   Code   RO         4158    i.OLED_WrCmd        oled.o
    0x080035f0   0x00000020   Code   RO         4159    i.OLED_WrDat        oled.o
    0x08003610   0x00000002   Code   RO         4000    i.PendSV_Handler    stm32f4xx_it.o
    0x08003612   0x00000028   Code   RO         3083    i.SPI_CheckFlag_BSY  stm32f4xx_hal_spi.o
    0x0800363a   0x000000aa   Code   RO         3101    i.SPI_WaitFlagStateUntilTimeout  stm32f4xx_hal_spi.o
    0x080036e4   0x00000014   Code   RO         4332    i.SPIx_Error        stm32f429i_discovery.o
    0x080036f8   0x00000054   Code   RO         4333    i.SPIx_Init         stm32f429i_discovery.o
    0x0800374c   0x00000074   Code   RO         4334    i.SPIx_MspInit      stm32f429i_discovery.o
    0x080037c0   0x00000028   Code   RO         4335    i.SPIx_Read         stm32f429i_discovery.o
    0x080037e8   0x00000024   Code   RO         4336    i.SPIx_Write        stm32f429i_discovery.o
    0x0800380c   0x00000002   Code   RO         4001    i.SVC_Handler       stm32f4xx_it.o
    0x0800380e   0x0000000c   Code   RO         4002    i.SysTick_Handler   stm32f4xx_it.o
    0x0800381a   0x00000002   PAD
    0x0800381c   0x000000f0   Code   RO         3891    i.SystemClock_Config  main.o
    0x0800390c   0x00000064   Code   RO         4071    i.SystemInit        system_stm32f4xx.o
    0x08003970   0x00000004   Code   RO         4003    i.UsageFault_Handler  stm32f4xx_it.o
    0x08003974   0x0000006c   Code   RO         4109    i.Write_IIC_Byte    myiic.o
    0x080039e0   0x00000004   Code   RO         3892    i._Error_Handler    main.o
    0x080039e4   0x00000016   Code   RO         4110    i.delay             myiic.o
    0x080039fa   0x0000000a   Code   RO         4233    i.ili9341_DisplayOff  ili9341.o
    0x08003a04   0x0000000a   Code   RO         4234    i.ili9341_DisplayOn  ili9341.o
    0x08003a0e   0x00000006   Code   RO         4235    i.ili9341_GetLcdPixelHeight  ili9341.o
    0x08003a14   0x00000004   Code   RO         4236    i.ili9341_GetLcdPixelWidth  ili9341.o
    0x08003a18   0x00000290   Code   RO         4237    i.ili9341_Init      ili9341.o
    0x08003ca8   0x00000010   Code   RO         4238    i.ili9341_ReadData  ili9341.o
    0x08003cb8   0x00000012   Code   RO         4239    i.ili9341_ReadID    ili9341.o
    0x08003cca   0x0000000c   Code   RO         4240    i.ili9341_WriteData  ili9341.o
    0x08003cd6   0x0000000c   Code   RO         4241    i.ili9341_WriteReg  ili9341.o
    0x08003ce2   0x00000002   PAD
    0x08003ce4   0x000000ac   Code   RO         3893    i.main              main.o
    0x08003d90   0x0000000a   Code   RO         5060    x$fpl$fpinit        fz_wm.l(fpinit.o)
    0x08003d9a   0x00000008   Data   RO          651    .constdata          stm32f4xx_hal_dma.o
    0x08003da2   0x00000018   Data   RO         4072    .constdata          system_stm32f4xx.o
    0x08003dba   0x00003cdc   Data   RO         4599    .constdata          stm32f429i_discovery_lcd.o
    0x08007a96   0x00000002   PAD
    0x08007a98   0x00000020   Data   RO         5127    Region$$Table       anon$$obj.o


    Execution Region RW_IRAM1 (Base: 0x20000000, Size: 0x00000de8, Max: 0x00030000, ABSOLUTE)

    Base Addr    Size         Type   Attr      Idx    E Section Name        Object

    0x20000000   0x00000004   Data   RW           28    .data               stm32f4xx_hal.o
    0x20000004   0x00000004   Data   RW         4073    .data               system_stm32f4xx.o
    0x20000008   0x00000038   Data   RW         4242    .data               ili9341.o
    0x20000040   0x00000015   Data   RW         4340    .data               stm32f429i_discovery.o
    0x20000055   0x00000003   PAD
    0x20000058   0x00000030   Data   RW         4600    .data               stm32f429i_discovery_lcd.o
    0x20000088   0x00000001   Data   RW         4900    .data               stm32f429i_discovery_sdram.o
    0x20000089   0x00000003   PAD
    0x2000008c   0x00000400   Zero   RW         4160    .bss                oled.o
    0x2000048c   0x000000ac   Zero   RW         4338    .bss                stm32f429i_discovery.o
    0x20000538   0x00000130   Zero   RW         4598    .bss                stm32f429i_discovery_lcd.o
    0x20000668   0x00000120   Zero   RW         4899    .bss                stm32f429i_discovery_sdram.o
    0x20000788   0x00000060   Zero   RW         5002    .bss                c_w.l(libspace.o)
    0x200007e8   0x00000200   Zero   RW         3855    HEAP                startup_stm32f429xx.o
    0x200009e8   0x00000400   Zero   RW         3854    STACK               startup_stm32f429xx.o


==============================================================================

Image component sizes


      Code (inc. data)   RO Data    RW Data    ZI Data      Debug   Object Name

       176         14          0          0          0        907   gpio.o
       744          0          0         56          0       4996   ili9341.o
       416         56          0          0          0       3369   main.o
       234         18          0          0          0       1968   myiic.o
       476         10          0          0       1024       4201   oled.o
        64         26        428          0       1536        812   startup_stm32f429xx.o
       720         84          0         21        172       6847   stm32f429i_discovery.o
      1800        158      15580         48        304      15180   stm32f429i_discovery_lcd.o
       788         62          0          1        288       3491   stm32f429i_discovery_sdram.o
       158         20          0          4          0     745471   stm32f4xx_hal.o
       348         22          0          0          0      31873   stm32f4xx_hal_cortex.o
       556         10          8          0          0       3116   stm32f4xx_hal_dma.o
      1056         12          0          0          0       5643   stm32f4xx_hal_dma2d.o
       560         54          0          0          0       2625   stm32f4xx_hal_gpio.o
      1148         12          0          0          0       4473   stm32f4xx_hal_ltdc.o
       486         28          0          0          0       1749   stm32f4xx_hal_msp.o
       164         12          0          0          0       1120   stm32f4xx_hal_pwr_ex.o
      1756         64          0          0          0       3910   stm32f4xx_hal_rcc.o
       880         24          0          0          0       1392   stm32f4xx_hal_rcc_ex.o
       164          0          0          0          0       2852   stm32f4xx_hal_sdram.o
      1744          0          0          0          0       8072   stm32f4xx_hal_spi.o
        36          0          0          0          0       4058   stm32f4xx_it.o
       368          4          0          0          0       3084   stm32f4xx_ll_fmc.o
       100         18         24          4          0       1095   system_stm32f4xx.o

    ----------------------------------------------------------------------
     14956        708      16074        140       3324     862304   Object Totals
         0          0         32          0          0          0   (incl. Generated)
        14          0          2          6          0          0   (incl. Padding)

    ----------------------------------------------------------------------

      Code (inc. data)   RO Data    RW Data    ZI Data      Debug   Library Member Name

         8          0          0          0          0         68   __main.o
         0          0          0          0          0          0   __rtentry.o
        12          0          0          0          0          0   __rtentry2.o
         6          0          0          0          0          0   __rtentry4.o
        52          8          0          0          0          0   __scatter.o
        26          0          0          0          0          0   __scatter_copy.o
        28          0          0          0          0          0   __scatter_zi.o
        12          0          0          0          0         72   exit.o
         6          0          0          0          0        152   heapauxi.o
         0          0          0          0          0          0   indicate_semi.o
         2          0          0          0          0          0   libinit.o
         6          0          0          0          0          0   libinit2.o
         2          0          0          0          0          0   libshutdown.o
         2          0          0          0          0          0   libshutdown2.o
         8          4          0          0         96         68   libspace.o
       100          0          0          0          0         80   rt_memcpy_w.o
         2          0          0          0          0          0   rtexit.o
        10          0          0          0          0          0   rtexit2.o
        12          4          0          0          0         68   sys_exit.o
        74          0          0          0          0         80   sys_stackheap_outer.o
         2          0          0          0          0         68   use_no_semi.o
        10          0          0          0          0        116   fpinit.o

    ----------------------------------------------------------------------
       386         16          0          0         96        772   Library Totals
         6          0          0          0          0          0   (incl. Padding)

    ----------------------------------------------------------------------

      Code (inc. data)   RO Data    RW Data    ZI Data      Debug   Library Name

       370         16          0          0         96        656   c_w.l
        10          0          0          0          0        116   fz_wm.l

    ----------------------------------------------------------------------
       386         16          0          0         96        772   Library Totals

    ----------------------------------------------------------------------

==============================================================================


      Code (inc. data)   RO Data    RW Data    ZI Data      Debug   

     15342        724      16074        140       3420     851268   Grand Totals
     15342        724      16074        140       3420     851268   ELF Image Totals
     15342        724      16074        140          0          0   ROM Totals

==============================================================================

    Total RO  Size (Code + RO Data)                31416 (  30.68kB)
    Total RW  Size (RW Data + ZI Data)              3560 (   3.48kB)
    Total ROM Size (Code + RO Data + RW Data)      31556 (  30.82kB)

==============================================================================

